******************************************************************************
                  TI ARM Linker PC v20.2.7                     
******************************************************************************
>> Linked Mon Apr 17 18:03:43 2023

OUTPUT FILE NAME:   <gpiointerrupt_CC3220S_LAUNCHXL_nortos_ccs.out>
ENTRY POINT SYMBOL: "resetISR"  address: 20011db9


MEMORY CONFIGURATION

         name            origin    length      used     unused   attr    fill
----------------------  --------  ---------  --------  --------  ----  --------
  SRAM2                 20000000   00004000  0000130c  00002cf4  RW X
  SRAM                  20004000   0003c000  0000f40e  0002cbf2  RW X
  LOG_DATA              90000000   00040000  00000000  00040000  R   


SEGMENT ALLOCATION MAP

run origin  load origin   length   init length attrs members
----------  ----------- ---------- ----------- ----- -------
20003000    20003000    00001000   00000000    rw-
  20003000    20003000    00001000   00000000    rw- .stack
20004000    20004000    00000040   00000040    r--
  20004000    20004000    00000040   00000040    r-- .resetVecs
20004040    20004040    00008000   00000000    rw-
  20004040    20004040    00008000   00000000    rw- .sysmem
2000c040    2000c040    000062ba   000062ba    r-x
  2000c040    2000c040    000062ba   000062ba    r-x .text
200122fc    200122fc    000006a0   00000000    rw-
  200122fc    200122fc    000006a0   00000000    rw- .data
2001299c    2001299c    000004e4   000004e4    r--
  2001299c    2001299c    000004e4   000004e4    r-- .const
20012e80    20012e80    00000498   00000000    rw-
  20012e80    20012e80    00000498   00000000    rw- .bss
20013318    20013318    000000f8   000000f8    r--
  20013318    20013318    000000f8   000000f8    r-- .cinit


SECTION ALLOCATION MAP

 output                                  attributes/
section   page    origin      length       input sections
--------  ----  ----------  ----------   ----------------
.text      0    2000c040    000062ba     
                  2000c040    00000a4e     rtsv7M4_T_le_eabi.lib : _printfi.c.obj (.text:__TI_printfi)
                  2000ca8e    00000002     ti_drivers_config.obj (.text:Board_initHook)
                  2000ca90    0000042c     driverlib.a : prcm.obj (.text:PRCMCC3200MCUInit)
                  2000cebc    00000288     drivers_cc32xx.a : UARTCC32XX.oem4 (.text:UARTCC32XX_open)
                  2000d144    00000268     rtsv7M4_T_le_eabi.lib : _printfi.c.obj (.text:_pconv_a)
                  2000d3ac    000001cc                           : _printfi.c.obj (.text:_pconv_g)
                  2000d578    000001c8     gpiointerrupt.obj (.text:initI2C)
                  2000d740    000001b6     rtsv7M4_T_le_eabi.lib : fd_add_t2.asm.obj (.text)
                  2000d8f6    00000002     drivers_cc32xx.a : I2C.oem4 (.text:I2C_init)
                  2000d8f8    000001a0     nortos_cc32xx.a : PowerCC32XX_nortos.oem4 (.text:PowerCC32XX_sleepPolicy)
                  2000da98    00000154     drivers_cc32xx.a : GPIOCC32XX.oem4 (.text:GPIO_setConfig)
                  2000dbec    00000148                      : I2CCC32XX.oem4 (.text:I2CCC32XX_hwiFxn)
                  2000dd34    00000148                      : PowerCC32XX.oem4 (.text:parkPins)
                  2000de7c    0000013c     rtsv7M4_T_le_eabi.lib : _printfi.c.obj (.text:_pconv_e)
                  2000dfb8    00000138     drivers_cc32xx.a : PowerCC32XX.oem4 (.text:Power_sleep)
                  2000e0f0    00000138                      : TimerCC32XX.oem4 (.text:Timer_open)
                  2000e228    00000136     rtsv7M4_T_le_eabi.lib : fd_div_t2.asm.obj (.text)
                  2000e35e    00000122     drivers_cc32xx.a : I2C.oem4 (.text:I2C_transferTimeout)
                  2000e480    00000120                      : UARTCC32XX.oem4 (.text:UARTCC32XX_close)
                  2000e5a0    00000120     rtsv7M4_T_le_eabi.lib : _printfi.c.obj (.text:fcvt)
                  2000e6c0    00000100                           : memory.c.obj (.text:aligned_alloc)
                  2000e7c0    000000fc     drivers_cc32xx.a : I2CCC32XX.oem4 (.text:I2C_open)
                  2000e8bc    000000fc     rtsv7M4_T_le_eabi.lib : fd_mul_t2.asm.obj (.text)
                  2000e9b8    000000f2     drivers_cc32xx.a : UARTCC32XX.oem4 (.text:UARTCC32XX_control)
                  2000eaaa    00000002     nortos_cc32xx.a : PowerCC32XX_nortos.oem4 (.text:PowerCC32XX_initPolicy)
                  2000eaac    000000ec     gpiointerrupt.obj (.text:readTemp)
                  2000eb98    000000e4     rtsv7M4_T_le_eabi.lib : memory.c.obj (.text:free)
                  2000ec7c    000000d0                           : s_scalbn.c.obj (.text:scalbn)
                  2000ed4c    000000ca     drivers_cc32xx.a : UARTCC32XX.oem4 (.text:UARTCC32XX_write)
                  2000ee16    00000002     nortos_cc32xx.a : SemaphoreP_nortos.oem4 (.text:SemaphoreP_destruct)
                  2000ee18    000000c8     gpiointerrupt.obj (.text:mainThread)
                  2000eee0    000000c0     drivers_cc32xx.a : PowerCC32XX.oem4 (.text:restoreParkedPins)
                  2000efa0    000000ba                      : UARTCC32XX.oem4 (.text:UARTCC32XX_readPolling)
                  2000f05a    00000002                      : Timer.oem4 (.text:Timer_init)
                  2000f05c    000000b8                      : UARTCC32XX.oem4 (.text:initHw)
                  2000f114    000000b6                      : UARTCC32XX.oem4 (.text:readTaskCallback)
                  2000f1ca    000000b2                      : I2CCC32XX.oem4 (.text:I2CCC32XX_completeTransfer)
                  2000f27c    000000b1     rtsv7M4_T_le_eabi.lib : _printfi.c.obj (.text:_ltostr)
                  2000f32d    00000001     --HOLE-- [fill = 0]
                  2000f32e    000000b0     drivers_cc32xx.a : UARTCC32XX.oem4 (.text:readTaskBlocking)
                  2000f3de    000000ae                      : UARTCC32XX.oem4 (.text:readIsrTextBlocking)
                  2000f48c    000000a8                      : I2CCC32XX.oem4 (.text:I2CCC32XX_primeWriteBurst)
                  2000f534    000000a8     driverlib.a : interrupt.obj (.text:IntEnable)
                  2000f5dc    000000a8     drivers_cc32xx.a : PowerCC32XX.oem4 (.text:PowerCC32XX_configureWakeup)
                  2000f684    000000a2                      : UARTCC32XX.oem4 (.text:readIsrTextCallback)
                  2000f726    000000a2                      : UARTCC32XX.oem4 (.text:writeData)
                  2000f7c8    000000a0     nortos_cc32xx.a : SemaphoreP_nortos.oem4 (.text:SemaphoreP_pend)
                  2000f868    0000009c     drivers_cc32xx.a : I2CCC32XX.oem4 (.text:I2CCC32XX_initHw)
                  2000f904    0000009c     rtsv7M4_T_le_eabi.lib : memcpy_t2.asm.obj (.text)
                  2000f9a0    00000096                           : ull_div_t2.asm.obj (.text)
                  2000fa36    00000002     drivers_cc32xx.a : UARTCC32XX.oem4 (.text:UARTCC32XX_init)
                  2000fa38    00000090                      : GPIOCC32XX.oem4 (.text:GPIO_init)
                  2000fac8    00000090                      : PowerCC32XX.oem4 (.text:restoreNVICRegs)
                  2000fb58    0000008c     nortos_cc32xx.a : HwiPCC32XX_nortos.oem4 (.text:HwiP_construct)
                  2000fbe4    00000088     driverlib.a : interrupt.obj (.text:IntPendSet)
                  2000fc6c    00000088                 : pin.obj (.text:PinConfigSet)
                  2000fcf4    00000086     rtsv7M4_T_le_eabi.lib : fd_cmp_t2.asm.obj (.text:__aeabi_cdcmple)
                  2000fd7a    00000086                           : fd_cmp_t2.asm.obj (.text:__aeabi_cdrcmple)
                  2000fe00    00000084     drivers_cc32xx.a : PowerCC32XX.oem4 (.text:Power_init)
                  2000fe84    00000084                      : PowerCC32XX.oem4 (.text:saveNVICRegs)
                  2000ff08    00000080                      : GPIOCC32XX.oem4 (.text:GPIO_write)
                  2000ff88    00000080                      : PowerCC32XX.oem4 (.text:Power_setDependency)
                  20010008    0000007c                      : UARTCC32XX.oem4 (.text:readIsrBinaryBlocking)
                  20010084    0000007a                      : I2CCC32XX.oem4 (.text:I2CCC32XX_primeReadBurst)
                  200100fe    0000007a     rtsv7M4_T_le_eabi.lib : fs_mul_t2.asm.obj (.text)
                  20010178    0000007a                           : memset_t2.asm.obj (.text)
                  200101f2    00000078     drivers_cc32xx.a : UARTCC32XX.oem4 (.text:readIsrBinaryCallback)
                  2001026a    00000074                      : UARTCC32XX.oem4 (.text:UARTCC32XX_hwiIntFxn)
                  200102de    00000002     rtsv7M4_T_le_eabi.lib : _lock.c.obj (.text:_nop)
                  200102e0    00000074     drivers_cc32xx.a : GPIOCC32XX.oem4 (.text:powerNotifyFxn)
                  20010354    00000070     rtsv7M4_T_le_eabi.lib : memory.c.obj (.text:split)
                  200103c4    0000006e                           : _printfi.c.obj (.text:_mcpy)
                  20010432    0000006a     drivers_cc32xx.a : I2CCC32XX.oem4 (.text:I2CSupport_primeTransfer)
                  2001049c    00000068     rtsv7M4_T_le_eabi.lib : copy_decompress_lzss.c.obj (.text:decompress:lzss:__TI_decompress_lzss)
                  20010504    00000066     drivers_cc32xx.a : UARTCC32XX.oem4 (.text:UARTCC32XX_writeCancel)
                  2001056a    00000002     nortos_cc32xx.a : startup_cc32xx_ccs.oem4 (.text:busFaultHandler)
                  2001056c    00000064     drivers_cc32xx.a : GPIOCC32XX.oem4 (.text:GPIO_setInterruptConfig)
                  200105d0    00000064                      : PowerCC32XX.oem4 (.text:PowerCC32XX_setParkState)
                  20010634    00000062                      : UARTCC32XX.oem4 (.text:UARTCC32XX_writePolling)
                  20010696    00000002     nortos_cc32xx.a : SemaphoreP_nortos.oem4 (.text:clkFxn)
                  20010698    00000060     drivers_cc32xx.a : GPIOCC32XX.oem4 (.text:GPIO_hwiIntFxn)
                  200106f8    00000060     driverlib.a : prcm.obj (.text:PRCMSysResetCauseGet)
                  20010758    0000005c     rtsv7M4_T_le_eabi.lib : s_frexp.c.obj (.text:frexp)
                  200107b4    0000005c     nortos_cc32xx.a : ClockPSysTick_nortos.oem4 (.text:sysTickInit)
                  20010810    00000058     driverlib.a : prcm.obj (.text:PRCMPeripheralReset)
                  20010868    00000058     drivers_cc32xx.a : PowerCC32XX.oem4 (.text:Power_releaseDependency)
                  200108c0    00000056     rtsv7M4_T_le_eabi.lib : _printfi.c.obj (.text:_pconv_f)
                  20010916    00000054                           : _ltoa.c.obj (.text:__TI_ltoa)
                  2001096a    00000054     drivers_cc32xx.a : UARTCC32XX.oem4 (.text:ringBufGet)
                  200109be    00000052                      : PowerCC32XX_asm.oem4 (.text:PowerCC32XX_resumeLPDS)
                  20010a10    00000052     rtsv7M4_T_le_eabi.lib : _printfi.c.obj (.text:_ecpy)
                  20010a62    00000052     drivers_cc32xx.a : TimerCC32XX.oem4 (.text:initHw)
                  20010ab4    00000050     nortos_cc32xx.a : ClockPSysTick_nortos.oem4 (.text:ClockP_sysTickHandler)
                  20010b04    00000050                     : SemaphoreP_nortos.oem4 (.text:SemaphoreP_construct)
                  20010b54    00000050     drivers_cc32xx.a : TimerCC32XX.oem4 (.text:TimerCC32XX_allocateTimerResource)
                  20010ba4    0000004c                      : I2CCC32XX.oem4 (.text:I2CCC32XX_readRecieveFifo)
                  20010bf0    0000004c                      : PowerCC32XX.oem4 (.text:PowerCC32XX_parkPin)
                  20010c3c    0000004c     rtsv7M4_T_le_eabi.lib : atoi.c.obj (.text:atoi)
                  20010c88    0000004c     drivers_cc32xx.a : PowerCC32XX.oem4 (.text:restorePeriphClocks)
                  20010cd4    0000004c     rtsv7M4_T_le_eabi.lib : snprintf.c.obj (.text:snprintf)
                  20010d20    00000048     driverlib.a : flash.obj (.text:FlashDisable)
                  20010d68    00000048     drivers_cc32xx.a : GPIOCC32XX.oem4 (.text:GPIO_disableInt)
                  20010db0    00000048                      : GPIOCC32XX.oem4 (.text:GPIO_enableInt)
                  20010df8    00000048     driverlib.a : prcm.obj (.text:PRCMLPDSEnter)
                  20010e40    00000048                 : prcm.obj (.text:PRCMPeripheralClkEnable)
                  20010e88    00000048     drivers_cc32xx.a : PowerCC32XX.oem4 (.text:Power_releaseConstraint)
                  20010ed0    00000048     gpiointerrupt.obj (.text:initTimer)
                  20010f18    00000048     rtsv7M4_T_le_eabi.lib : fd_toi_t2.asm.obj (.text)
                  20010f60    00000046     drivers_cc32xx.a : RingBuf.oem4 (.text:RingBuf_put)
                  20010fa6    00000046                      : TimerCC32XX.oem4 (.text:getPrescaler)
                  20010fec    00000044     nortos_cc32xx.a : ClockPSysTick_nortos.oem4 (.text:ClockP_stop)
                  20011030    00000044     driverlib.a : prcm.obj (.text:PRCMLPDSRestoreInfoSet)
                  20011074    00000044     drivers_cc32xx.a : PowerCC32XX_asm.oem4 (.text:PowerCC32XX_enterLPDS)
                  200110b8    00000044     nortos_cc32xx.a : SemaphoreP_nortos.oem4 (.text:SemaphoreP_post)
                  200110fc    00000044                     : SwiP_nortos.oem4 (.text:SwiP_restore)
                  20011140    00000044     drivers_cc32xx.a : Timer.oem4 (.text:Timer_start)
                  20011184    00000044                      : UART.oem4 (.text:UART_init)
                  200111c8    00000044     rtsv7M4_T_le_eabi.lib : autoinit.c.obj (.text:__TI_auto_init_nobinit_nopinit:__TI_auto_init_nobinit_nopinit)
                  2001120c    00000040     nortos_cc32xx.a : ClockPSysTick_nortos.oem4 (.text:ClockP_construct)
                  2001124c    00000040     driverlib.a : pin.obj (.text:PinModeSet)
                  2001128c    00000040     drivers_cc32xx.a : RingBuf.oem4 (.text:RingBuf_get)
                  200112cc    00000040                      : TimerCC32XX.oem4 (.text:TimerSupport_timerEnable)
                  2001130c    00000040                      : TimerCC32XX.oem4 (.text:Timer_close)
                  2001134c    00000040                      : UARTCC32XX.oem4 (.text:UARTCC32XX_read)
                  2001138c    00000040                      : UART.oem4 (.text:UART_open)
                  200113cc    0000003e     rtsv7M4_T_le_eabi.lib : _printfi.c.obj (.text:_fcpy)
                  2001140a    00000002     nortos_cc32xx.a : startup_cc32xx_ccs.oem4 (.text:defaultHandler)
                  2001140c    0000003c                     : ClockPSysTick_nortos.oem4 (.text:ClockP_destruct)
                  20011448    0000003c     drivers_cc32xx.a : PowerCC32XX.oem4 (.text:Power_setConstraint)
                  20011484    0000003c     gpiointerrupt.obj (.text:initUART)
                  200114c0    0000003a     nortos_cc32xx.a : PowerCC32XX_nortos.oem4 (.text:getCountsRTC)
                  200114fa    00000002                     : startup_cc32xx_ccs.oem4 (.text:faultISR)
                  200114fc    00000038     driverlib.a : prcm.obj (.text:PRCMLPDSEnterKeepDebugIf)
                  20011534    00000038     nortos_cc32xx.a : ClockPSysTick_nortos.oem4 (.text:addToList)
                  2001156c    00000038                     : startup_cc32xx_ccs.oem4 (.text:initVectors)
                  200115a4    00000038     drivers_cc32xx.a : PowerCC32XX.oem4 (.text:notify)
                  200115dc    00000038     rtsv7M4_T_le_eabi.lib : fs_toi_t2.asm.obj (.text)
                  20011614    00000038                           : i_tofs_t2.asm.obj (.text)
                  2001164c    00000036     driverlib.a : timer.obj (.text:TimerControlStall)
                  20011682    00000036     drivers_cc32xx.a : Timer.oem4 (.text:Timer_stop)
                  200116b8    00000036                      : UARTCC32XX.oem4 (.text:UARTCC32XX_readCancel)
                  200116ee    00000002     nortos_cc32xx.a : startup_cc32xx_ccs.oem4 (.text:nmiISR)
                  200116f0    00000034                     : ClockPSysTick_nortos.oem4 (.text:ClockP_getTicksUntilInterrupt)
                  20011724    00000034                     : ClockPSysTick_nortos.oem4 (.text:ClockP_startup)
                  20011758    00000034     driverlib.a : pin.obj (.text:PinModeGet)
                  2001178c    00000034     drivers_cc32xx.a : PowerCC32XX.oem4 (.text:PowerCC32XX_restoreParkState)
                  200117c0    00000034                      : TimerCC32XX.oem4 (.text:TimerCC32XX_freeTimerResource)
                  200117f4    00000034                      : TimerCC32XX.oem4 (.text:TimerCC32XX_hwiIntFunction)
                  20011828    00000034                      : TimerCC32XX.oem4 (.text:getPowerMgrId)
                  2001185c    00000030     nortos_cc32xx.a : ClockPSysTick_nortos.oem4 (.text:ClockP_start)
                  2001188c    00000030     drivers_cc32xx.a : PowerCC32XX.oem4 (.text:PowerCC32XX_restoreParkedPin)
                  200118bc    00000030     rtsv7M4_T_le_eabi.lib : snprintf.c.obj (.text:_outs)
                  200118ec    0000002e                           : i_tofd_t2.asm.obj (.text)
                  2001191a    00000002                           : div0.asm.obj (.text)
                  2001191c    0000002c     drivers_cc32xx.a : PowerCC32XX.oem4 (.text:PowerCC32XX_getParkState)
                  20011948    0000002c     gpiointerrupt.obj (.text:checkHeat)
                  20011974    0000002a     nortos_cc32xx.a : HwiPCC32XX_nortos.oem4 (.text:HwiP_create)
                  2001199e    0000002a     driverlib.a : timer.obj (.text:TimerLoadSet)
                  200119c8    0000002a                 : timer.obj (.text:TimerPrescaleSet)
                  200119f2    00000028                 : i2c.obj (.text:I2CFIFODataPutNonBlocking)
                  20011a1a    00000002     --HOLE-- [fill = 0]
                  20011a1c    00000028                 : prcm.obj (.text:PRCMPeripheralClkDisable)
                  20011a44    00000028     drivers_cc32xx.a : PowerCC32XX.oem4 (.text:Power_registerNotify)
                  20011a6c    00000028     rtsv7M4_T_le_eabi.lib : memory.c.obj (.text:free_list_insert)
                  20011a94    00000026     driverlib.a : i2c.obj (.text:I2CFIFODataGetNonBlocking)
                  20011aba    00000026     drivers_cc32xx.a : I2C.oem4 (.text:I2C_cancel)
                  20011ae0    00000026                      : List.oem4 (.text:List_put)
                  20011b06    00000026                      : List.oem4 (.text:List_remove)
                  20011b2c    00000024     nortos_cc32xx.a : HwiPCC32XX_nortos.oem4 (.text:HwiP_dispatch)
                  20011b50    00000024     drivers_cc32xx.a : PowerCC32XX.oem4 (.text:PowerCC32XX_reset)
                  20011b74    00000024                      : TimerCC32XX.oem4 (.text:TimerSupport_timerDisable)
                  20011b98    00000024     rtsv7M4_T_le_eabi.lib : boot_cortex_m.c.obj (.text:_c_int00_noargs:_c_int00_noargs)
                  20011bbc    00000022     driverlib.a : i2c.obj (.text:I2CMasterSlaveAddrSet)
                  20011bde    00000020     nortos_cc32xx.a : HwiPCC32XX_nortos.oem4 (.text:HwiP_destruct)
                  20011bfe    00000002     --HOLE-- [fill = 0]
                  20011c00    00000020     drivers_cc32xx.a : PowerCC32XX.oem4 (.text:Power_unregisterNotify)
                  20011c20    00000020                      : RingBuf.oem4 (.text:RingBuf_peek)
                  20011c40    00000020     gpiointerrupt.obj (.text:checkLED)
                  20011c60    00000020     drivers_cc32xx.a : UARTCC32XX.oem4 (.text:getPowerMgrId)
                  20011c80    0000001e     driverlib.a : i2c.obj (.text:I2CMasterIntStatusEx)
                  20011c9e    0000001e     nortos_cc32xx.a : SemaphoreP_nortos.oem4 (.text:SemaphoreP_constructBinary)
                  20011cbc    0000001e     driverlib.a : timer.obj (.text:TimerDisable)
                  20011cda    0000001e                 : timer.obj (.text:TimerEnable)
                  20011cf8    0000001c     drivers_cc32xx.a : GPIO.oem4 (.text:GPIO_setCallback)
                  20011d14    0000001c     driverlib.a : pin.obj (.text:PinToPadGet)
                  20011d30    0000001c     nortos_cc32xx.a : SwiP_nortos.oem4 (.text:SwiP_disable)
                  20011d4c    0000001c     rtsv7M4_T_le_eabi.lib : memory.c.obj (.text:free_list_remove)
                  20011d68    0000001c                           : memccpy.c.obj (.text:memccpy)
                  20011d84    0000001a     nortos_cc32xx.a : ClockPSysTick_nortos.oem4 (.text:ClockP_create)
                  20011d9e    0000001a                     : SemaphoreP_nortos.oem4 (.text:SemaphoreP_createBinary)
                  20011db8    0000001a                     : startup_cc32xx_ccs.oem4 (.text:resetISR)
                  20011dd2    00000018     driverlib.a : i2c.obj (.text:I2CMasterBusBusy)
                  20011dea    00000018                 : i2c.obj (.text:I2CMasterIntDisableEx)
                  20011e02    00000018                 : i2c.obj (.text:I2CMasterIntEnableEx)
                  20011e1a    00000018                 : i2c.obj (.text:I2CRxFIFOFlush)
                  20011e32    00000018                 : i2c.obj (.text:I2CTxFIFOFlush)
                  20011e4a    00000002     --HOLE-- [fill = 0]
                  20011e4c    00000018     drivers_cc32xx.a : PowerCC32XX.oem4 (.text:Power_getTransitionLatency)
                  20011e64    00000018                      : PowerCC32XX.oem4 (.text:Power_idleFunc)
                  20011e7c    00000018     driverlib.a : timer.obj (.text:TimerIntDisable)
                  20011e94    00000018                 : timer.obj (.text:TimerIntEnable)
                  20011eac    00000018                 : uart.obj (.text:UARTBusy)
                  20011ec4    00000018                 : uart.obj (.text:UARTIntEnable)
                  20011edc    00000018     drivers_cc32xx.a : UART.oem4 (.text:UART_Params_init)
                  20011ef4    00000018     rtsv7M4_T_le_eabi.lib : snprintf.c.obj (.text:_outc)
                  20011f0c    00000018                           : ll_mul_t2.asm.obj (.text)
                  20011f24    00000016     driverlib.a : i2c.obj (.text:I2CMasterBurstLengthSet)
                  20011f3a    00000016                 : prcm.obj (.text:PRCMHIBRegRead)
                  20011f50    00000016                 : prcm.obj (.text:PRCMHIBRegWrite)
                  20011f66    00000016     nortos_cc32xx.a : SemaphoreP_nortos.oem4 (.text:SemaphoreP_create)
                  20011f7c    00000016     rtsv7M4_T_le_eabi.lib : strchr.c.obj (.text:strchr)
                  20011f92    00000014     ti_drivers_config.obj (.text:Board_init)
                  20011fa6    00000014     driverlib.a : cpu.obj (.text:CPUcpsid)
                  20011fba    00000002     --HOLE-- [fill = 0]
                  20011fbc    00000014     nortos_cc32xx.a : HwiPCC32XX_nortos.oem4 (.text:HwiP_inISR)
                  20011fd0    00000014     drivers_cc32xx.a : I2CCC32XX.oem4 (.text:I2CSupport_masterFinish)
                  20011fe4    00000014                      : I2C.oem4 (.text:I2C_transfer)
                  20011ff8    00000014     driverlib.a : interrupt.obj (.text:IntVTableBaseSet)
                  2001200c    00000014     drivers_cc32xx.a : PowerCC32XX.oem4 (.text:Power_disablePolicy)
                  20012020    00000014                      : PowerCC32XX.oem4 (.text:Power_getDependencyCount)
                  20012034    00000014                      : UARTCC32XX.oem4 (.text:releasePowerConstraint)
                  20012048    00000014     rtsv7M4_T_le_eabi.lib : strlen.c.obj (.text:strlen)
                  2001205c    00000012     nortos_cc32xx.a : HwiPCC32XX_nortos.oem4 (.text:HwiP_Params_init)
                  2001206e    00000012     driverlib.a : i2c.obj (.text:I2CMasterIntClearEx)
                  20012080    00000012     drivers_cc32xx.a : RingBuf.oem4 (.text:RingBuf_construct)
                  20012092    00000012     driverlib.a : timer.obj (.text:TimerIntClear)
                  200120a4    00000012     main_nortos.obj (.text:main)
                  200120b6    00000012     rtsv7M4_T_le_eabi.lib : wcslen.c.obj (.text:wcslen)
                  200120c8    00000010     nortos_cc32xx.a : ClockPSysTick_nortos.oem4 (.text:ClockP_add)
                  200120d8    00000010                     : ClockPSysTick_nortos.oem4 (.text:ClockP_delete)
                  200120e8    00000010                     : ClockPSysTick_nortos.oem4 (.text:ClockP_getCpuFreq)
                  200120f8    00000010                     : ClockPSysTick_nortos.oem4 (.text:ClockP_getSystemTicks)
                  20012108    00000010                     : ClockPSysTick_nortos.oem4 (.text:ClockP_setTicks)
                  20012118    00000010                     : HwiPCC32XX_nortos.oem4 (.text:HwiP_delete)
                  20012128    00000010                     : HwiPCC32XX_nortos.oem4 (.text:HwiP_restore)
                  20012138    00000010     driverlib.a : i2c.obj (.text:I2CFIFOStatus)
                  20012148    00000010     drivers_cc32xx.a : I2C.oem4 (.text:I2C_Params_init)
                  20012158    00000010                      : PowerCC32XX.oem4 (.text:Power_enablePolicy)
                  20012168    00000010     nortos_cc32xx.a : SemaphoreP_nortos.oem4 (.text:SemaphoreP_Params_init)
                  20012178    00000010     drivers_cc32xx.a : Timer.oem4 (.text:Timer_Params_init)
                  20012188    00000010     gpiointerrupt.obj (.text:gpioButtonFxn0)
                  20012198    00000010     gpiointerrupt.obj (.text:gpioButtonFxn1)
                  200121a8    00000010     drivers_cc32xx.a : UARTCC32XX.oem4 (.text:readBlockingTimeout)
                  200121b8    00000010     gpiointerrupt.obj (.text:timerCallback)
                  200121c8    0000000e     nortos_cc32xx.a : HwiPCC32XX_nortos.oem4 (.text:HwiP_clearInterrupt)
                  200121d6    0000000e                     : HwiPCC32XX_nortos.oem4 (.text:HwiP_disable)
                  200121e4    0000000e                     : HwiPCC32XX_nortos.oem4 (.text:HwiP_disableInterrupt)
                  200121f2    0000000e                     : HwiPCC32XX_nortos.oem4 (.text:HwiP_enable)
                  20012200    0000000e                     : HwiPCC32XX_nortos.oem4 (.text:HwiP_enableInterrupt)
                  2001220e    0000000e     drivers_cc32xx.a : I2CCC32XX.oem4 (.text:I2CCC32XX_updateReg)
                  2001221c    0000000e                      : RingBuf.oem4 (.text:RingBuf_isFull)
                  2001222a    0000000e     rtsv7M4_T_le_eabi.lib : copy_decompress_none.c.obj (.text:decompress:none:__TI_decompress_none)
                  20012238    0000000c     drivers_cc32xx.a : I2CCC32XX.oem4 (.text:I2CCC32XX_postNotify)
                  20012244    0000000c                      : PowerCC32XX.oem4 (.text:Power_getConstraintMask)
                  20012250    0000000c     rtsv7M4_T_le_eabi.lib : s_copysign.c.obj (.text:copysign)
                  2001225c    0000000c                           : copy_zero_init.c.obj (.text:decompress:ZI:__TI_zero_init)
                  20012268    0000000c     drivers_cc32xx.a : TimerCC32XX.oem4 (.text:postNotifyFxn)
                  20012274    0000000c                      : UARTCC32XX.oem4 (.text:postNotifyFxn)
                  20012280    0000000a     nortos_cc32xx.a : ClockPSysTick_nortos.oem4 (.text:ClockP_Params_init)
                  2001228a    0000000a                     : ClockPSysTick_nortos.oem4 (.text:ClockP_isActive)
                  20012294    0000000a     driverlib.a : interrupt.obj (.text:IntMasterDisable)
                  2001229e    0000000a     drivers_cc32xx.a : UART.oem4 (.text:UART_write)
                  200122a8    00000008                      : I2CCC32XX.oem4 (.text:I2CCC32XX_blockingCallback)
                  200122b0    00000008     rtsv7M4_T_le_eabi.lib : errno.c.obj (.text:__aeabi_errno_addr)
                  200122b8    00000008                           : memory.c.obj (.text:malloc)
                  200122c0    00000008     drivers_cc32xx.a : UARTCC32XX.oem4 (.text:readSemCallback)
                  200122c8    00000008                      : UARTCC32XX.oem4 (.text:writeSemCallback)
                  200122d0    00000006                      : I2CCC32XX.oem4 (.text:I2CSupport_powerRelConstraint)
                  200122d6    00000006                      : I2CCC32XX.oem4 (.text:I2CSupport_powerSetConstraint)
                  200122dc    00000006     driverlib.a : utils.obj (.text:UtilsDelay)
                  200122e2    00000004     nortos_cc32xx.a : ClockPSysTick_nortos.oem4 (.text:ClockP_doTick)
                  200122e6    00000004                     : ClockPSysTick_nortos.oem4 (.text:ClockP_setTimeout)
                  200122ea    00000004                     : HwiPCC32XX_nortos.oem4 (.text:HwiP_post)
                  200122ee    00000004                     : SemaphoreP_nortos.oem4 (.text:SemaphoreP_delete)
                  200122f2    00000004     rtsv7M4_T_le_eabi.lib : pre_init.c.obj (.text:_system_pre_init)
                  200122f6    00000004                           : exit.c.obj (.text:abort:abort)

.const     0    2001299c    000004e4     
                  2001299c    00000101     rtsv7M4_T_le_eabi.lib : ctype.c.obj (.const:.string:_ctypes_)
                  20012a9d    00000003     --HOLE-- [fill = 0]
                  20012aa0    00000100     driverlib.a : pin.obj (.const:g_ulPinToPadMap)
                  20012ba0    000000a8                 : prcm.obj (.const:PRCM_PeriphRegsList)
                  20012c48    00000044     ti_drivers_config.obj (.const:PowerCC32XX_config)
                  20012c8c    00000028     drivers_cc32xx.a : UARTCC32XX.oem4 (.const:UARTCC32XX_fxnTable)
                  20012cb4    00000028                      : GPIOCC32XX.oem4 (.const:portConfigs)
                  20012cdc    00000024                      : UART.oem4 (.const:UART_defaultParams)
                  20012d00    00000024     ti_drivers_config.obj (.const:uartCC32XXHWAttrs0)
                  20012d24    00000021     drivers_cc32xx.a : GPIOCC32XX.oem4 (.const:.string:pinTable)
                  20012d45    00000003     --HOLE-- [fill = 0]
                  20012d48    00000020                      : UARTCC32XX.oem4 (.const:staticFxnTable)
                  20012d68    00000018     driverlib.a : interrupt.obj (.const:g_pulEnRegs)
                  20012d80    00000018                 : interrupt.obj (.const:g_pulPendRegs)
                  20012d98    00000018     gpiointerrupt.obj (.const:sensors)
                  20012db0    00000014     ti_drivers_config.obj (.const:i2cCC32XXHWAttrs)
                  20012dc4    00000014     drivers_cc32xx.a : UARTCC32XX.oem4 (.const:parityType)
                  20012dd8    00000010     ti_drivers_config.obj (.const:GPIO_config)
                  20012de8    00000010     drivers_cc32xx.a : I2C.oem4 (.const:I2C_defaultParams)
                  20012df8    00000010                      : I2CCC32XX.oem4 (.const:I2C_defaultParams)
                  20012e08    00000010                      : UARTCC32XX.oem4 (.const:dataLength)
                  20012e18    00000010     ti_drivers_config.obj (.const:timerCC32XXHWAttrs)
                  20012e28    0000000d     ti_drivers_config.obj (.const)
                  20012e35    00000003     --HOLE-- [fill = 0]
                  20012e38    0000000c     gpiointerrupt.obj (.const:.string)
                  20012e44    0000000c     ti_drivers_config.obj (.const:UART_config)
                  20012e50    0000000c     drivers_cc32xx.a : Timer.oem4 (.const:defaultParams)
                  20012e5c    0000000c                      : TimerCC32XX.oem4 (.const:defaultParams)
                  20012e68    00000008     ti_drivers_config.obj (.const:I2C_config)
                  20012e70    00000008     ti_drivers_config.obj (.const:Timer_config)
                  20012e78    00000008     drivers_cc32xx.a : UARTCC32XX.oem4 (.const:stopBits)

.cinit     0    20013318    000000f8     
                  20013318    000000d4     (.cinit..data.load) [load image, compression = lzss]
                  200133ec    0000000c     (__TI_handler_table)
                  200133f8    00000008     (.cinit..bss.load) [load image, compression = zero_init]
                  20013400    00000010     (__TI_cinit_table)

.init_array 
*          0    20004000    00000000     UNINITIALIZED

.ramVecs   0    20000000    0000030c     NOLOAD SECTION
                  20000000    0000030c     nortos_cc32xx.a : startup_cc32xx_ccs.oem4 (.ramVecs)

.stack     0    20003000    00001000     UNINITIALIZED
                  20003000    00000004     rtsv7M4_T_le_eabi.lib : boot_cortex_m.c.obj (.stack)
                  20003004    00000ffc     --HOLE--

.resetVecs 
*          0    20004000    00000040     
                  20004000    00000040     nortos_cc32xx.a : startup_cc32xx_ccs.oem4 (.resetVecs:retain)

.sysmem    0    20004040    00008000     UNINITIALIZED
                  20004040    00000010     rtsv7M4_T_le_eabi.lib : memory.c.obj (.sysmem)
                  20004050    00007ff0     --HOLE--

.data      0    200122fc    000006a0     UNINITIALIZED
                  200122fc    0000030c     nortos_cc32xx.a : HwiPCC32XX_nortos.oem4 (.data:HwiP_dispatchTable)
                  20012608    0000016c     drivers_cc32xx.a : PowerCC32XX.oem4 (.data:PowerCC32XX_module)
                  20012774    000000f8     ti_drivers_config.obj (.data:parkInfo)
                  2001286c    00000084     ti_drivers_config.obj (.data:gpioPinConfigs)
                  200128f0    00000078     gpiointerrupt.obj (.data:$O1$$)
                  20012968    00000008     rtsv7M4_T_le_eabi.lib : _lock.c.obj (.data:$O1$$)
                  20012970    00000008                           : memory.c.obj (.data:$O1$$)
                  20012978    00000008     nortos_cc32xx.a : SemaphoreP_nortos.oem4 (.data:SemaphoreP_defaultParams)
                  20012980    00000008                     : HwiPCC32XX_nortos.oem4 (.data)
                  20012988    00000005     gpiointerrupt.obj (.data)
                  2001298d    00000003     nortos_cc32xx.a : SemaphoreP_nortos.oem4 (.data)
                  20012990    00000005                     : ClockPSysTick_nortos.oem4 (.data)
                  20012995    00000002     drivers_cc32xx.a : GPIOCC32XX.oem4 (.data)
                  20012997    00000001                      : UART.oem4 (.data)
                  20012998    00000004     rtsv7M4_T_le_eabi.lib : errno.c.obj (.data)

.bss       0    20012e80    00000498     UNINITIALIZED
                  20012e80    0000012c     (.common:PowerCC32XX_contextSave)
                  20012fac    000000fc     (.common:i2cCC32XXObjects)
                  200130a8    00000084     (.common:gpioCallbackFunctions)
                  2001312c    00000084     (.common:gpioUserArgs)
                  200131b0    00000084     (.common:timerCC32XXObjects)
                  20013234    00000084     (.common:uartCC32XXObjects0)
                  200132b8    00000020     ti_drivers_config.obj (.bss:uartCC32XXRingBuffer0)
                  200132d8    00000014     drivers_cc32xx.a : GPIOCC32XX.oem4 (.bss:powerNotifyObj)
                  200132ec    00000004                      : GPIOCC32XX.oem4 (.bss)
                  200132f0    00000010     (.common:ClockP_ctrl)
                  20013300    0000000d     nortos_cc32xx.a : SwiP_nortos.oem4 (.bss)
                  2001330d    00000003     --HOLE--
                  20013310    00000004                     : ClockPSysTick_nortos.oem4 (.bss)
                  20013314    00000004     drivers_cc32xx.a : TimerCC32XX.oem4 (.bss:timerState)

.log_data 
*          0    90000000    00000000     COPY SECTION

__llvm_prf_cnts 
*          0    20004000    00000000     UNINITIALIZED

MODULE SUMMARY

       Module                       code    ro data   rw data
       ------                       ----    -------   -------
    .\
       gpiointerrupt.obj            1148    36        125    
       main_nortos.obj              18      0         0      
    +--+----------------------------+-------+---------+---------+
       Total:                       1166    36        125    
                                                             
    .\syscfg\
       ti_drivers_config.obj        22      197       1192   
    +--+----------------------------+-------+---------+---------+
       Total:                       22      197       1192   
                                                             
    C:/ti/simplelink_cc32xx_sdk_6_10_00_05/kernel/nortos/lib/ccs/m4/nortos_cc32xx.a
       HwiPCC32XX_nortos.oem4       394     0         788    
       startup_cc32xx_ccs.oem4      90      64        780    
       ClockPSysTick_nortos.oem4    706     0         25     
       PowerCC32XX_nortos.oem4      476     0         0      
       SemaphoreP_nortos.oem4       410     0         11     
       SwiP_nortos.oem4             96      0         13     
    +--+----------------------------+-------+---------+---------+
       Total:                       2172    64        1617   
                                                             
    C:/ti/simplelink_cc32xx_sdk_6_10_00_05/source/ti/devices/cc32xx/driverlib/ccs/Release/driverlib.a
       prcm.obj                     1604    168       0      
       pin.obj                      280     256       0      
       interrupt.obj                334     48        0      
       i2c.obj                      318     0         0      
       timer.obj                    264     0         0      
       flash.obj                    72      0         0      
       uart.obj                     48      0         0      
       cpu.obj                      20      0         0      
       utils.obj                    6       0         0      
    +--+----------------------------+-------+---------+---------+
       Total:                       2946    472       0      
                                                             
    C:/ti/simplelink_cc32xx_sdk_6_10_00_05/source/ti/drivers/lib/ccs/m4/drivers_cc32xx.a
       UARTCC32XX.oem4              3466    116       0      
       PowerCC32XX.oem4             2432    0         664    
       I2CCC32XX.oem4               1452    16        0      
       GPIOCC32XX.oem4              1068    73        26     
       TimerCC32XX.oem4             876     12        4      
       I2C.oem4                     366     16        0      
       UART.oem4                    166     36        1      
       RingBuf.oem4                 198     0         0      
       Timer.oem4                   140     12        0      
       PowerCC32XX_asm.oem4         150     0         0      
       List.oem4                    76      0         0      
       GPIO.oem4                    28      0         0      
    +--+----------------------------+-------+---------+---------+
       Total:                       10418   281       695    
                                                             
    C:\ti\ccs1220\ccs\tools\compiler\ti-cgt-arm_20.2.7.LTS\lib\rtsv7M4_T_le_eabi.lib
       _printfi.c.obj               4835    0         0      
       memory.c.obj                 672     0         8      
       fd_add_t2.asm.obj            438     0         0      
       fd_div_t2.asm.obj            310     0         0      
       fd_cmp_t2.asm.obj            268     0         0      
       ctype.c.obj                  0       257       0      
       fd_mul_t2.asm.obj            252     0         0      
       s_scalbn.c.obj               208     0         0      
       memcpy_t2.asm.obj            156     0         0      
       ull_div_t2.asm.obj           150     0         0      
       snprintf.c.obj               148     0         0      
       fs_mul_t2.asm.obj            122     0         0      
       memset_t2.asm.obj            122     0         0      
       copy_decompress_lzss.c.obj   104     0         0      
       s_frexp.c.obj                92      0         0      
       _ltoa.c.obj                  84      0         0      
       atoi.c.obj                   76      0         0      
       fd_toi_t2.asm.obj            72      0         0      
       autoinit.c.obj               68      0         0      
       fs_toi_t2.asm.obj            56      0         0      
       i_tofs_t2.asm.obj            56      0         0      
       i_tofd_t2.asm.obj            46      0         0      
       boot_cortex_m.c.obj          36      0         0      
       memccpy.c.obj                28      0         0      
       ll_mul_t2.asm.obj            24      0         0      
       strchr.c.obj                 22      0         0      
       strlen.c.obj                 20      0         0      
       wcslen.c.obj                 18      0         0      
       copy_decompress_none.c.obj   14      0         0      
       copy_zero_init.c.obj         12      0         0      
       errno.c.obj                  8       0         4      
       s_copysign.c.obj             12      0         0      
       _lock.c.obj                  2       0         8      
       exit.c.obj                   4       0         0      
       pre_init.c.obj               4       0         0      
       div0.asm.obj                 2       0         0      
    +--+----------------------------+-------+---------+---------+
       Total:                       8541    257       20     
                                                             
       Heap:                        0       0         32768  
       Stack:                       0       0         4096   
       Linker Generated:            0       248       0      
    +--+----------------------------+-------+---------+---------+
       Grand Total:                 25265   1555      40513  


LINKER GENERATED COPY TABLES

__TI_cinit_table @ 20013400 records: 2, size/record: 8, table size: 16
	.data: load addr=20013318, load size=000000d4 bytes, run addr=200122fc, run size=000006a0 bytes, compression=lzss
	.bss: load addr=200133f8, load size=00000008 bytes, run addr=20012e80, run size=00000498 bytes, compression=zero_init


LINKER GENERATED HANDLER TABLE

__TI_handler_table @ 200133ec records: 3, size/record: 4, table size: 12
	index: 0, handler: __TI_decompress_lzss
	index: 1, handler: __TI_decompress_none
	index: 2, handler: __TI_zero_init


GLOBAL SYMBOLS: SORTED ALPHABETICALLY BY Name 

address   name                             
-------   ----                             
20011f93  Board_init                       
2000ca8f  Board_initHook                   
200122f7  C$$EXIT                          
20012e2a  CONFIG_GPIO_BUTTON_0_CONST       
20012e2b  CONFIG_GPIO_BUTTON_1_CONST       
20012e2c  CONFIG_GPIO_LED_0_CONST          
20012e2d  CONFIG_I2C_0_CONST               
20012e2f  CONFIG_TIMER_0_CONST             
20012e33  CONFIG_UART2_0_CONST             
20012e31  CONFIG_UART_0_CONST              
20011fa7  CPUcpsid                         
20012281  ClockP_Params_init               
200120c9  ClockP_add                       
2001120d  ClockP_construct                 
20011d85  ClockP_create                    
200132f0  ClockP_ctrl                      
200120d9  ClockP_delete                    
2001140d  ClockP_destruct                  
200122e3  ClockP_doTick                    
200120e9  ClockP_getCpuFreq                
200120f9  ClockP_getSystemTicks            
200116f1  ClockP_getTicksUntilInterrupt    
2001228b  ClockP_isActive                  
20012109  ClockP_setTicks                  
200122e7  ClockP_setTimeout                
2001185d  ClockP_start                     
20011725  ClockP_startup                   
20010fed  ClockP_stop                      
20010ab5  ClockP_sysTickHandler            
20012990  ClockP_tickPeriod                
20010d21  FlashDisable                     
20012dd8  GPIO_config                      
20010d69  GPIO_disableInt                  
20010db1  GPIO_enableInt                   
20010699  GPIO_hwiIntFxn                   
2000fa39  GPIO_init                        
20012e28  GPIO_pinLowerBound               
20012e29  GPIO_pinUpperBound               
20011cf9  GPIO_setCallback                 
2000da99  GPIO_setConfig                   
2001056d  GPIO_setInterruptConfig          
2000ff09  GPIO_write                       
2001205d  HwiP_Params_init                 
200121c9  HwiP_clearInterrupt              
2000fb59  HwiP_construct                   
20011975  HwiP_create                      
20012119  HwiP_delete                      
20011bdf  HwiP_destruct                    
200121d7  HwiP_disable                     
200121e5  HwiP_disableInterrupt            
20011b2d  HwiP_dispatch                    
200121f3  HwiP_enable                      
20012201  HwiP_enableInterrupt             
20011fbd  HwiP_inISR                       
20012980  HwiP_key                         
200122eb  HwiP_post                        
20012129  HwiP_restore                     
20012984  HwiP_swiPIntNum                  
20011a95  I2CFIFODataGetNonBlocking        
200119f3  I2CFIFODataPutNonBlocking        
20012139  I2CFIFOStatus                    
20011f25  I2CMasterBurstLengthSet          
20011dd3  I2CMasterBusBusy                 
2001206f  I2CMasterIntClearEx              
20011deb  I2CMasterIntDisableEx            
20011e03  I2CMasterIntEnableEx             
20011c81  I2CMasterIntStatusEx             
20011bbd  I2CMasterSlaveAddrSet            
20011e1b  I2CRxFIFOFlush                   
20011fd1  I2CSupport_masterFinish          
200122d1  I2CSupport_powerRelConstraint    
200122d7  I2CSupport_powerSetConstraint    
20010433  I2CSupport_primeTransfer         
20011e33  I2CTxFIFOFlush                   
20012149  I2C_Params_init                  
20011abb  I2C_cancel                       
20012e68  I2C_config                       
20012e2e  I2C_count                        
20012de8  I2C_defaultParams                
2000d8f7  I2C_init                         
2000e7c1  I2C_open                         
20011fe5  I2C_transfer                     
2000e35f  I2C_transferTimeout              
UNDEFED   ITM_flush                        
UNDEFED   ITM_restore                      
2000f535  IntEnable                        
20012295  IntMasterDisable                 
2000fbe5  IntPendSet                       
20011ff9  IntVTableBaseSet                 
20011ae1  List_put                         
20011b07  List_remove                      
200121f3  NoRTOS_start                     
2000ca91  PRCMCC3200MCUInit                
20011f3b  PRCMHIBRegRead                   
20011f51  PRCMHIBRegWrite                  
20010df9  PRCMLPDSEnter                    
200114fd  PRCMLPDSEnterKeepDebugIf         
20011031  PRCMLPDSRestoreInfoSet           
20011a1d  PRCMPeripheralClkDisable         
20010e41  PRCMPeripheralClkEnable          
20010811  PRCMPeripheralReset              
200106f9  PRCMSysResetCauseGet             
2000fc6d  PinConfigSet                     
20011759  PinModeGet                       
2001124d  PinModeSet                       
20011d15  PinToPadGet                      
20012c48  PowerCC32XX_config               
2000f5dd  PowerCC32XX_configureWakeup      
20012e80  PowerCC32XX_contextSave          
20011075  PowerCC32XX_enterLPDS            
2001191d  PowerCC32XX_getParkState         
2000eaab  PowerCC32XX_initPolicy           
20012608  PowerCC32XX_module               
20010bf1  PowerCC32XX_parkPin              
20011b51  PowerCC32XX_reset                
2001178d  PowerCC32XX_restoreParkState     
2001188d  PowerCC32XX_restoreParkedPin     
200109bf  PowerCC32XX_resumeLPDS           
200105d1  PowerCC32XX_setParkState         
2000d8f9  PowerCC32XX_sleepPolicy          
2001200d  Power_disablePolicy              
20012159  Power_enablePolicy               
20012245  Power_getConstraintMask          
20012021  Power_getDependencyCount         
20011e4d  Power_getTransitionLatency       
20011e65  Power_idleFunc                   
2000fe01  Power_init                       
20011a45  Power_registerNotify             
20010e89  Power_releaseConstraint          
20010869  Power_releaseDependency          
20011449  Power_setConstraint              
2000ff89  Power_setDependency              
2000dfb9  Power_sleep                      
20011c01  Power_unregisterNotify           
20012081  RingBuf_construct                
2001128d  RingBuf_get                      
2001221d  RingBuf_isFull                   
20011c21  RingBuf_peek                     
20010f61  RingBuf_put                      
20012169  SemaphoreP_Params_init           
20010b05  SemaphoreP_construct             
20011c9f  SemaphoreP_constructBinary       
20011f67  SemaphoreP_create                
20011d9f  SemaphoreP_createBinary          
20012978  SemaphoreP_defaultParams         
200122ef  SemaphoreP_delete                
2000ee17  SemaphoreP_destruct              
2000f7c9  SemaphoreP_pend                  
200110b9  SemaphoreP_post                  
20011d31  SwiP_disable                     
200110fd  SwiP_restore                     
20010b55  TimerCC32XX_allocateTimerResource
200117c1  TimerCC32XX_freeTimerResource    
2001164d  TimerControlStall                
20011cbd  TimerDisable                     
20011cdb  TimerEnable                      
2001298c  TimerFlag                        
20012093  TimerIntClear                    
20011e7d  TimerIntDisable                  
20011e95  TimerIntEnable                   
2001199f  TimerLoadSet                     
200119c9  TimerPrescaleSet                 
20011b75  TimerSupport_timerDisable        
200112cd  TimerSupport_timerEnable         
20012179  Timer_Params_init                
2001130d  Timer_close                      
20012e70  Timer_config                     
20012e30  Timer_count                      
2000f05b  Timer_init                       
2000e0f1  Timer_open                       
20011141  Timer_start                      
20011683  Timer_stop                       
20012e34  UART2_count                      
20011ead  UARTBusy                         
2000e481  UARTCC32XX_close                 
2000e9b9  UARTCC32XX_control               
20012c8c  UARTCC32XX_fxnTable              
2000fa37  UARTCC32XX_init                  
2000cebd  UARTCC32XX_open                  
2001134d  UARTCC32XX_read                  
200116b9  UARTCC32XX_readCancel            
2000efa1  UARTCC32XX_readPolling           
2000ed4d  UARTCC32XX_write                 
20010505  UARTCC32XX_writeCancel           
20010635  UARTCC32XX_writePolling          
20011ec5  UARTIntEnable                    
20011edd  UART_Params_init                 
20012e44  UART_config                      
20012e32  UART_count                       
20012cdc  UART_defaultParams               
20011185  UART_init                        
2001138d  UART_open                        
2001229f  UART_write                       
200122dd  UtilsDelay                       
20004000  __STACK_END                      
00001000  __STACK_SIZE                     
00008000  __SYSMEM_SIZE                    
20013400  __TI_CINIT_Base                  
20013410  __TI_CINIT_Limit                 
200133ec  __TI_Handler_Table_Base          
200133f8  __TI_Handler_Table_Limit         
200111c9  __TI_auto_init_nobinit_nopinit   
2001049d  __TI_decompress_lzss             
2001222b  __TI_decompress_none             
20010917  __TI_ltoa                        
ffffffff  __TI_pprof_out_hndl              
2000c041  __TI_printfi                     
ffffffff  __TI_prof_data_size              
ffffffff  __TI_prof_data_start             
20013318  __TI_static_base__               
2001225d  __TI_zero_init                   
2000fcf5  __aeabi_cdcmpeq                  
2000fcf5  __aeabi_cdcmple                  
2000fd7b  __aeabi_cdrcmple                 
20010f19  __aeabi_d2iz                     
2000d74b  __aeabi_dadd                     
2000e229  __aeabi_ddiv                     
2000e8bd  __aeabi_dmul                     
2000d741  __aeabi_dsub                     
200122b1  __aeabi_errno_addr               
200115dd  __aeabi_f2iz                     
200100ff  __aeabi_fmul                     
200118ed  __aeabi_i2d                      
20011615  __aeabi_i2f                      
2001191b  __aeabi_idiv0                    
2001191b  __aeabi_ldiv0                    
20011f0d  __aeabi_lmul                     
20010179  __aeabi_memclr                   
20010179  __aeabi_memclr4                  
20010179  __aeabi_memclr8                  
2000f905  __aeabi_memcpy                   
2000f905  __aeabi_memcpy4                  
2000f905  __aeabi_memcpy8                  
2001017b  __aeabi_memset                   
2001017b  __aeabi_memset4                  
2001017b  __aeabi_memset8                  
2000f9a1  __aeabi_uldivmod                 
ffffffff  __binit__                        
ffffffff  __c_args__                       
UNDEFED   __mpu_init                       
20003000  __stack                          
20004000  __start___llvm_prf_cnts          
20004000  __stop___llvm_prf_cnts           
20011b99  _c_int00_noargs                  
2001299c  _ctypes_                         
20012968  _lock                            
200102df  _nop                             
20004040  _sys_memory                      
UNDEFED   _system_post_cinit               
200122f3  _system_pre_init                 
2001296c  _unlock                          
200122f7  abort                            
2000e6c1  aligned_alloc                    
20010c3d  atoi                             
ffffffff  binit                            
20011949  checkHeat                        
20011c41  checkLED                         
20010697  clkFxn                           
20012251  copysign                         
20012251  copysignl                        
20012998  errno                            
2000eb99  free                             
20010759  frexp                            
20010759  frexpl                           
20012189  gpioButtonFxn0                   
20012199  gpioButtonFxn1                   
200130a8  gpioCallbackFunctions            
2001286c  gpioPinConfigs                   
2001312c  gpioUserArgs                     
200128f8  heat                             
20012900  i2c                              
20012db0  i2cCC32XXHWAttrs                 
20012fac  i2cCC32XXObjects                 
20012908  i2cTransaction                   
2000d579  initI2C                          
20010ed1  initTimer                        
20011485  initUART                         
2001156d  initVectors                      
2000ec7d  ldexp                            
2000ec7d  ldexpl                           
200120a5  main                             
2000ee19  mainThread                       
200122b9  malloc                           
2000e6c1  memalign                         
20011d69  memccpy                          
2000f905  memcpy                           
20010181  memset                           
20012988  microseconds                     
20012928  output                           
20012774  parkInfo                         
2000eaad  readTemp                         
20011db9  resetISR                         
20011dcc  resetVectorAddr                  
20004000  resetVectors                     
200128f1  rxBuffer                         
2000ec7d  scalbn                           
2000ec7d  scalbnl                          
200128f4  setpoint                         
20010cd5  snprintf                         
20011f7d  strchr                           
20012049  strlen                           
20012904  timer0                           
20012e18  timerCC32XXHWAttrs               
200131b0  timerCC32XXObjects               
200121b9  timerCallback                    
200128f0  txBuffer                         
200128fc  uart                             
20013234  uartCC32XXObjects0               
200120b7  wcslen                           


GLOBAL SYMBOLS: SORTED BY Symbol Address 

address   name                             
-------   ----                             
00001000  __STACK_SIZE                     
00008000  __SYSMEM_SIZE                    
20003000  __stack                          
20004000  __STACK_END                      
20004000  __start___llvm_prf_cnts          
20004000  __stop___llvm_prf_cnts           
20004000  resetVectors                     
20004040  _sys_memory                      
2000c041  __TI_printfi                     
2000ca8f  Board_initHook                   
2000ca91  PRCMCC3200MCUInit                
2000cebd  UARTCC32XX_open                  
2000d579  initI2C                          
2000d741  __aeabi_dsub                     
2000d74b  __aeabi_dadd                     
2000d8f7  I2C_init                         
2000d8f9  PowerCC32XX_sleepPolicy          
2000da99  GPIO_setConfig                   
2000dfb9  Power_sleep                      
2000e0f1  Timer_open                       
2000e229  __aeabi_ddiv                     
2000e35f  I2C_transferTimeout              
2000e481  UARTCC32XX_close                 
2000e6c1  aligned_alloc                    
2000e6c1  memalign                         
2000e7c1  I2C_open                         
2000e8bd  __aeabi_dmul                     
2000e9b9  UARTCC32XX_control               
2000eaab  PowerCC32XX_initPolicy           
2000eaad  readTemp                         
2000eb99  free                             
2000ec7d  ldexp                            
2000ec7d  ldexpl                           
2000ec7d  scalbn                           
2000ec7d  scalbnl                          
2000ed4d  UARTCC32XX_write                 
2000ee17  SemaphoreP_destruct              
2000ee19  mainThread                       
2000efa1  UARTCC32XX_readPolling           
2000f05b  Timer_init                       
2000f535  IntEnable                        
2000f5dd  PowerCC32XX_configureWakeup      
2000f7c9  SemaphoreP_pend                  
2000f905  __aeabi_memcpy                   
2000f905  __aeabi_memcpy4                  
2000f905  __aeabi_memcpy8                  
2000f905  memcpy                           
2000f9a1  __aeabi_uldivmod                 
2000fa37  UARTCC32XX_init                  
2000fa39  GPIO_init                        
2000fb59  HwiP_construct                   
2000fbe5  IntPendSet                       
2000fc6d  PinConfigSet                     
2000fcf5  __aeabi_cdcmpeq                  
2000fcf5  __aeabi_cdcmple                  
2000fd7b  __aeabi_cdrcmple                 
2000fe01  Power_init                       
2000ff09  GPIO_write                       
2000ff89  Power_setDependency              
200100ff  __aeabi_fmul                     
20010179  __aeabi_memclr                   
20010179  __aeabi_memclr4                  
20010179  __aeabi_memclr8                  
2001017b  __aeabi_memset                   
2001017b  __aeabi_memset4                  
2001017b  __aeabi_memset8                  
20010181  memset                           
200102df  _nop                             
20010433  I2CSupport_primeTransfer         
2001049d  __TI_decompress_lzss             
20010505  UARTCC32XX_writeCancel           
2001056d  GPIO_setInterruptConfig          
200105d1  PowerCC32XX_setParkState         
20010635  UARTCC32XX_writePolling          
20010697  clkFxn                           
20010699  GPIO_hwiIntFxn                   
200106f9  PRCMSysResetCauseGet             
20010759  frexp                            
20010759  frexpl                           
20010811  PRCMPeripheralReset              
20010869  Power_releaseDependency          
20010917  __TI_ltoa                        
200109bf  PowerCC32XX_resumeLPDS           
20010ab5  ClockP_sysTickHandler            
20010b05  SemaphoreP_construct             
20010b55  TimerCC32XX_allocateTimerResource
20010bf1  PowerCC32XX_parkPin              
20010c3d  atoi                             
20010cd5  snprintf                         
20010d21  FlashDisable                     
20010d69  GPIO_disableInt                  
20010db1  GPIO_enableInt                   
20010df9  PRCMLPDSEnter                    
20010e41  PRCMPeripheralClkEnable          
20010e89  Power_releaseConstraint          
20010ed1  initTimer                        
20010f19  __aeabi_d2iz                     
20010f61  RingBuf_put                      
20010fed  ClockP_stop                      
20011031  PRCMLPDSRestoreInfoSet           
20011075  PowerCC32XX_enterLPDS            
200110b9  SemaphoreP_post                  
200110fd  SwiP_restore                     
20011141  Timer_start                      
20011185  UART_init                        
200111c9  __TI_auto_init_nobinit_nopinit   
2001120d  ClockP_construct                 
2001124d  PinModeSet                       
2001128d  RingBuf_get                      
200112cd  TimerSupport_timerEnable         
2001130d  Timer_close                      
2001134d  UARTCC32XX_read                  
2001138d  UART_open                        
2001140d  ClockP_destruct                  
20011449  Power_setConstraint              
20011485  initUART                         
200114fd  PRCMLPDSEnterKeepDebugIf         
2001156d  initVectors                      
200115dd  __aeabi_f2iz                     
20011615  __aeabi_i2f                      
2001164d  TimerControlStall                
20011683  Timer_stop                       
200116b9  UARTCC32XX_readCancel            
200116f1  ClockP_getTicksUntilInterrupt    
20011725  ClockP_startup                   
20011759  PinModeGet                       
2001178d  PowerCC32XX_restoreParkState     
200117c1  TimerCC32XX_freeTimerResource    
2001185d  ClockP_start                     
2001188d  PowerCC32XX_restoreParkedPin     
200118ed  __aeabi_i2d                      
2001191b  __aeabi_idiv0                    
2001191b  __aeabi_ldiv0                    
2001191d  PowerCC32XX_getParkState         
20011949  checkHeat                        
20011975  HwiP_create                      
2001199f  TimerLoadSet                     
200119c9  TimerPrescaleSet                 
200119f3  I2CFIFODataPutNonBlocking        
20011a1d  PRCMPeripheralClkDisable         
20011a45  Power_registerNotify             
20011a95  I2CFIFODataGetNonBlocking        
20011abb  I2C_cancel                       
20011ae1  List_put                         
20011b07  List_remove                      
20011b2d  HwiP_dispatch                    
20011b51  PowerCC32XX_reset                
20011b75  TimerSupport_timerDisable        
20011b99  _c_int00_noargs                  
20011bbd  I2CMasterSlaveAddrSet            
20011bdf  HwiP_destruct                    
20011c01  Power_unregisterNotify           
20011c21  RingBuf_peek                     
20011c41  checkLED                         
20011c81  I2CMasterIntStatusEx             
20011c9f  SemaphoreP_constructBinary       
20011cbd  TimerDisable                     
20011cdb  TimerEnable                      
20011cf9  GPIO_setCallback                 
20011d15  PinToPadGet                      
20011d31  SwiP_disable                     
20011d69  memccpy                          
20011d85  ClockP_create                    
20011d9f  SemaphoreP_createBinary          
20011db9  resetISR                         
20011dcc  resetVectorAddr                  
20011dd3  I2CMasterBusBusy                 
20011deb  I2CMasterIntDisableEx            
20011e03  I2CMasterIntEnableEx             
20011e1b  I2CRxFIFOFlush                   
20011e33  I2CTxFIFOFlush                   
20011e4d  Power_getTransitionLatency       
20011e65  Power_idleFunc                   
20011e7d  TimerIntDisable                  
20011e95  TimerIntEnable                   
20011ead  UARTBusy                         
20011ec5  UARTIntEnable                    
20011edd  UART_Params_init                 
20011f0d  __aeabi_lmul                     
20011f25  I2CMasterBurstLengthSet          
20011f3b  PRCMHIBRegRead                   
20011f51  PRCMHIBRegWrite                  
20011f67  SemaphoreP_create                
20011f7d  strchr                           
20011f93  Board_init                       
20011fa7  CPUcpsid                         
20011fbd  HwiP_inISR                       
20011fd1  I2CSupport_masterFinish          
20011fe5  I2C_transfer                     
20011ff9  IntVTableBaseSet                 
2001200d  Power_disablePolicy              
20012021  Power_getDependencyCount         
20012049  strlen                           
2001205d  HwiP_Params_init                 
2001206f  I2CMasterIntClearEx              
20012081  RingBuf_construct                
20012093  TimerIntClear                    
200120a5  main                             
200120b7  wcslen                           
200120c9  ClockP_add                       
200120d9  ClockP_delete                    
200120e9  ClockP_getCpuFreq                
200120f9  ClockP_getSystemTicks            
20012109  ClockP_setTicks                  
20012119  HwiP_delete                      
20012129  HwiP_restore                     
20012139  I2CFIFOStatus                    
20012149  I2C_Params_init                  
20012159  Power_enablePolicy               
20012169  SemaphoreP_Params_init           
20012179  Timer_Params_init                
20012189  gpioButtonFxn0                   
20012199  gpioButtonFxn1                   
200121b9  timerCallback                    
200121c9  HwiP_clearInterrupt              
200121d7  HwiP_disable                     
200121e5  HwiP_disableInterrupt            
200121f3  HwiP_enable                      
200121f3  NoRTOS_start                     
20012201  HwiP_enableInterrupt             
2001221d  RingBuf_isFull                   
2001222b  __TI_decompress_none             
20012245  Power_getConstraintMask          
20012251  copysign                         
20012251  copysignl                        
2001225d  __TI_zero_init                   
20012281  ClockP_Params_init               
2001228b  ClockP_isActive                  
20012295  IntMasterDisable                 
2001229f  UART_write                       
200122b1  __aeabi_errno_addr               
200122b9  malloc                           
200122d1  I2CSupport_powerRelConstraint    
200122d7  I2CSupport_powerSetConstraint    
200122dd  UtilsDelay                       
200122e3  ClockP_doTick                    
200122e7  ClockP_setTimeout                
200122eb  HwiP_post                        
200122ef  SemaphoreP_delete                
200122f3  _system_pre_init                 
200122f7  C$$EXIT                          
200122f7  abort                            
20012608  PowerCC32XX_module               
20012774  parkInfo                         
2001286c  gpioPinConfigs                   
200128f0  txBuffer                         
200128f1  rxBuffer                         
200128f4  setpoint                         
200128f8  heat                             
200128fc  uart                             
20012900  i2c                              
20012904  timer0                           
20012908  i2cTransaction                   
20012928  output                           
20012968  _lock                            
2001296c  _unlock                          
20012978  SemaphoreP_defaultParams         
20012980  HwiP_key                         
20012984  HwiP_swiPIntNum                  
20012988  microseconds                     
2001298c  TimerFlag                        
20012990  ClockP_tickPeriod                
20012998  errno                            
2001299c  _ctypes_                         
20012c48  PowerCC32XX_config               
20012c8c  UARTCC32XX_fxnTable              
20012cdc  UART_defaultParams               
20012db0  i2cCC32XXHWAttrs                 
20012dd8  GPIO_config                      
20012de8  I2C_defaultParams                
20012e18  timerCC32XXHWAttrs               
20012e28  GPIO_pinLowerBound               
20012e29  GPIO_pinUpperBound               
20012e2a  CONFIG_GPIO_BUTTON_0_CONST       
20012e2b  CONFIG_GPIO_BUTTON_1_CONST       
20012e2c  CONFIG_GPIO_LED_0_CONST          
20012e2d  CONFIG_I2C_0_CONST               
20012e2e  I2C_count                        
20012e2f  CONFIG_TIMER_0_CONST             
20012e30  Timer_count                      
20012e31  CONFIG_UART_0_CONST              
20012e32  UART_count                       
20012e33  CONFIG_UART2_0_CONST             
20012e34  UART2_count                      
20012e44  UART_config                      
20012e68  I2C_config                       
20012e70  Timer_config                     
20012e80  PowerCC32XX_contextSave          
20012fac  i2cCC32XXObjects                 
200130a8  gpioCallbackFunctions            
2001312c  gpioUserArgs                     
200131b0  timerCC32XXObjects               
20013234  uartCC32XXObjects0               
200132f0  ClockP_ctrl                      
20013318  __TI_static_base__               
200133ec  __TI_Handler_Table_Base          
200133f8  __TI_Handler_Table_Limit         
20013400  __TI_CINIT_Base                  
20013410  __TI_CINIT_Limit                 
ffffffff  __TI_pprof_out_hndl              
ffffffff  __TI_prof_data_size              
ffffffff  __TI_prof_data_start             
ffffffff  __binit__                        
ffffffff  __c_args__                       
ffffffff  binit                            
UNDEFED   ITM_flush                        
UNDEFED   ITM_restore                      
UNDEFED   __mpu_init                       
UNDEFED   _system_post_cinit               

[309 symbols]
