<?xml version="1.0" encoding="ISO-8859-1" ?>
<link_info>
   <banner>TI ARM Linker PC v20.2.7.LTS</banner>
   <copyright>Copyright (c) 1996-2018 Texas Instruments Incorporated</copyright>
   <link_time>0x643dec6f</link_time>
   <link_errors>0x0</link_errors>
   <output_file>gpiointerrupt_CC3220S_LAUNCHXL_nortos_ccs.out</output_file>
   <entry_point>
      <name>resetISR</name>
      <address>0x20011db9</address>
   </entry_point>
   <input_file_list>
      <input_file id="fl-2">
         <path>.\</path>
         <kind>object</kind>
         <file>gpiointerrupt.obj</file>
         <name>gpiointerrupt.obj</name>
      </input_file>
      <input_file id="fl-3">
         <path>.\syscfg\</path>
         <kind>object</kind>
         <file>ti_drivers_config.obj</file>
         <name>ti_drivers_config.obj</name>
      </input_file>
      <input_file id="fl-4">
         <path>.\</path>
         <kind>object</kind>
         <file>main_nortos.obj</file>
         <name>main_nortos.obj</name>
      </input_file>
      <input_file id="fl-d">
         <kind>object</kind>
         <file>&lt;internal&gt;</file>
         <name>&lt;internal&gt;</name>
      </input_file>
      <input_file id="fl-e">
         <path>C:\ti\simplelink_cc32xx_sdk_6_10_00_05\source\ti\drivers\lib\ccs\m4\</path>
         <kind>archive</kind>
         <file>drivers_cc32xx.a</file>
         <name>GPIO.oem4</name>
      </input_file>
      <input_file id="fl-f">
         <path>C:\ti\simplelink_cc32xx_sdk_6_10_00_05\source\ti\drivers\lib\ccs\m4\</path>
         <kind>archive</kind>
         <file>drivers_cc32xx.a</file>
         <name>I2C.oem4</name>
      </input_file>
      <input_file id="fl-10">
         <path>C:\ti\simplelink_cc32xx_sdk_6_10_00_05\source\ti\drivers\lib\ccs\m4\</path>
         <kind>archive</kind>
         <file>drivers_cc32xx.a</file>
         <name>Timer.oem4</name>
      </input_file>
      <input_file id="fl-11">
         <path>C:\ti\simplelink_cc32xx_sdk_6_10_00_05\source\ti\drivers\lib\ccs\m4\</path>
         <kind>archive</kind>
         <file>drivers_cc32xx.a</file>
         <name>UART.oem4</name>
      </input_file>
      <input_file id="fl-12">
         <path>C:\ti\simplelink_cc32xx_sdk_6_10_00_05\source\ti\drivers\lib\ccs\m4\</path>
         <kind>archive</kind>
         <file>drivers_cc32xx.a</file>
         <name>GPIOCC32XX.oem4</name>
      </input_file>
      <input_file id="fl-13">
         <path>C:\ti\simplelink_cc32xx_sdk_6_10_00_05\source\ti\drivers\lib\ccs\m4\</path>
         <kind>archive</kind>
         <file>drivers_cc32xx.a</file>
         <name>I2CCC32XX.oem4</name>
      </input_file>
      <input_file id="fl-14">
         <path>C:\ti\simplelink_cc32xx_sdk_6_10_00_05\source\ti\drivers\lib\ccs\m4\</path>
         <kind>archive</kind>
         <file>drivers_cc32xx.a</file>
         <name>PowerCC32XX.oem4</name>
      </input_file>
      <input_file id="fl-15">
         <path>C:\ti\simplelink_cc32xx_sdk_6_10_00_05\source\ti\drivers\lib\ccs\m4\</path>
         <kind>archive</kind>
         <file>drivers_cc32xx.a</file>
         <name>PowerCC32XX_asm.oem4</name>
      </input_file>
      <input_file id="fl-16">
         <path>C:\ti\simplelink_cc32xx_sdk_6_10_00_05\source\ti\drivers\lib\ccs\m4\</path>
         <kind>archive</kind>
         <file>drivers_cc32xx.a</file>
         <name>TimerCC32XX.oem4</name>
      </input_file>
      <input_file id="fl-17">
         <path>C:\ti\simplelink_cc32xx_sdk_6_10_00_05\source\ti\drivers\lib\ccs\m4\</path>
         <kind>archive</kind>
         <file>drivers_cc32xx.a</file>
         <name>UARTCC32XX.oem4</name>
      </input_file>
      <input_file id="fl-18">
         <path>C:\ti\simplelink_cc32xx_sdk_6_10_00_05\source\ti\drivers\lib\ccs\m4\</path>
         <kind>archive</kind>
         <file>drivers_cc32xx.a</file>
         <name>List.oem4</name>
      </input_file>
      <input_file id="fl-19">
         <path>C:\ti\simplelink_cc32xx_sdk_6_10_00_05\source\ti\drivers\lib\ccs\m4\</path>
         <kind>archive</kind>
         <file>drivers_cc32xx.a</file>
         <name>RingBuf.oem4</name>
      </input_file>
      <input_file id="fl-1a">
         <path>C:\ti\simplelink_cc32xx_sdk_6_10_00_05\kernel\nortos\lib\ccs\m4\</path>
         <kind>archive</kind>
         <file>nortos_cc32xx.a</file>
         <name>NoRTOS.oem4</name>
      </input_file>
      <input_file id="fl-1b">
         <path>C:\ti\simplelink_cc32xx_sdk_6_10_00_05\kernel\nortos\lib\ccs\m4\</path>
         <kind>archive</kind>
         <file>nortos_cc32xx.a</file>
         <name>SemaphoreP_nortos.oem4</name>
      </input_file>
      <input_file id="fl-1c">
         <path>C:\ti\simplelink_cc32xx_sdk_6_10_00_05\kernel\nortos\lib\ccs\m4\</path>
         <kind>archive</kind>
         <file>nortos_cc32xx.a</file>
         <name>ClockPSysTick_nortos.oem4</name>
      </input_file>
      <input_file id="fl-1d">
         <path>C:\ti\simplelink_cc32xx_sdk_6_10_00_05\kernel\nortos\lib\ccs\m4\</path>
         <kind>archive</kind>
         <file>nortos_cc32xx.a</file>
         <name>HwiPCC32XX_nortos.oem4</name>
      </input_file>
      <input_file id="fl-1e">
         <path>C:\ti\simplelink_cc32xx_sdk_6_10_00_05\kernel\nortos\lib\ccs\m4\</path>
         <kind>archive</kind>
         <file>nortos_cc32xx.a</file>
         <name>PowerCC32XX_nortos.oem4</name>
      </input_file>
      <input_file id="fl-1f">
         <path>C:\ti\simplelink_cc32xx_sdk_6_10_00_05\kernel\nortos\lib\ccs\m4\</path>
         <kind>archive</kind>
         <file>nortos_cc32xx.a</file>
         <name>startup_cc32xx_ccs.oem4</name>
      </input_file>
      <input_file id="fl-20">
         <path>C:\ti\simplelink_cc32xx_sdk_6_10_00_05\kernel\nortos\lib\ccs\m4\</path>
         <kind>archive</kind>
         <file>nortos_cc32xx.a</file>
         <name>SwiP_nortos.oem4</name>
      </input_file>
      <input_file id="fl-21">
         <path>C:\ti\simplelink_cc32xx_sdk_6_10_00_05\kernel\nortos\lib\ccs\m4\</path>
         <kind>archive</kind>
         <file>nortos_cc32xx.a</file>
         <name>QueueP_nortos.oem4</name>
      </input_file>
      <input_file id="fl-22">
         <path>C:\ti\simplelink_cc32xx_sdk_6_10_00_05\source\ti\devices\cc32xx\driverlib\ccs\Release\</path>
         <kind>archive</kind>
         <file>driverlib.a</file>
         <name>cpu.obj</name>
      </input_file>
      <input_file id="fl-23">
         <path>C:\ti\simplelink_cc32xx_sdk_6_10_00_05\source\ti\devices\cc32xx\driverlib\ccs\Release\</path>
         <kind>archive</kind>
         <file>driverlib.a</file>
         <name>i2c.obj</name>
      </input_file>
      <input_file id="fl-24">
         <path>C:\ti\simplelink_cc32xx_sdk_6_10_00_05\source\ti\devices\cc32xx\driverlib\ccs\Release\</path>
         <kind>archive</kind>
         <file>driverlib.a</file>
         <name>interrupt.obj</name>
      </input_file>
      <input_file id="fl-25">
         <path>C:\ti\simplelink_cc32xx_sdk_6_10_00_05\source\ti\devices\cc32xx\driverlib\ccs\Release\</path>
         <kind>archive</kind>
         <file>driverlib.a</file>
         <name>pin.obj</name>
      </input_file>
      <input_file id="fl-26">
         <path>C:\ti\simplelink_cc32xx_sdk_6_10_00_05\source\ti\devices\cc32xx\driverlib\ccs\Release\</path>
         <kind>archive</kind>
         <file>driverlib.a</file>
         <name>prcm.obj</name>
      </input_file>
      <input_file id="fl-27">
         <path>C:\ti\simplelink_cc32xx_sdk_6_10_00_05\source\ti\devices\cc32xx\driverlib\ccs\Release\</path>
         <kind>archive</kind>
         <file>driverlib.a</file>
         <name>timer.obj</name>
      </input_file>
      <input_file id="fl-28">
         <path>C:\ti\simplelink_cc32xx_sdk_6_10_00_05\source\ti\devices\cc32xx\driverlib\ccs\Release\</path>
         <kind>archive</kind>
         <file>driverlib.a</file>
         <name>uart.obj</name>
      </input_file>
      <input_file id="fl-29">
         <path>C:\ti\simplelink_cc32xx_sdk_6_10_00_05\source\ti\devices\cc32xx\driverlib\ccs\Release\</path>
         <kind>archive</kind>
         <file>driverlib.a</file>
         <name>udma.obj</name>
      </input_file>
      <input_file id="fl-2a">
         <path>C:\ti\simplelink_cc32xx_sdk_6_10_00_05\source\ti\devices\cc32xx\driverlib\ccs\Release\</path>
         <kind>archive</kind>
         <file>driverlib.a</file>
         <name>utils.obj</name>
      </input_file>
      <input_file id="fl-2b">
         <path>C:\ti\simplelink_cc32xx_sdk_6_10_00_05\source\ti\devices\cc32xx\driverlib\ccs\Release\</path>
         <kind>archive</kind>
         <file>driverlib.a</file>
         <name>flash.obj</name>
      </input_file>
      <input_file id="fl-e1">
         <path>C:\ti\ccs1220\ccs\tools\compiler\ti-cgt-arm_20.2.7.LTS\lib\</path>
         <kind>archive</kind>
         <file>rtsv7M4_T_le_eabi.lib</file>
         <name>snprintf.c.obj</name>
      </input_file>
      <input_file id="fl-e2">
         <path>C:\ti\ccs1220\ccs\tools\compiler\ti-cgt-arm_20.2.7.LTS\lib\</path>
         <kind>archive</kind>
         <file>rtsv7M4_T_le_eabi.lib</file>
         <name>fs_mul_t2.asm.obj</name>
      </input_file>
      <input_file id="fl-e3">
         <path>C:\ti\ccs1220\ccs\tools\compiler\ti-cgt-arm_20.2.7.LTS\lib\</path>
         <kind>archive</kind>
         <file>rtsv7M4_T_le_eabi.lib</file>
         <name>fs_toi_t2.asm.obj</name>
      </input_file>
      <input_file id="fl-e4">
         <path>C:\ti\ccs1220\ccs\tools\compiler\ti-cgt-arm_20.2.7.LTS\lib\</path>
         <kind>archive</kind>
         <file>rtsv7M4_T_le_eabi.lib</file>
         <name>i_tofs_t2.asm.obj</name>
      </input_file>
      <input_file id="fl-e5">
         <path>C:\ti\ccs1220\ccs\tools\compiler\ti-cgt-arm_20.2.7.LTS\lib\</path>
         <kind>archive</kind>
         <file>rtsv7M4_T_le_eabi.lib</file>
         <name>ll_mul_t2.asm.obj</name>
      </input_file>
      <input_file id="fl-e6">
         <path>C:\ti\ccs1220\ccs\tools\compiler\ti-cgt-arm_20.2.7.LTS\lib\</path>
         <kind>archive</kind>
         <file>rtsv7M4_T_le_eabi.lib</file>
         <name>memcpy_t2.asm.obj</name>
      </input_file>
      <input_file id="fl-e7">
         <path>C:\ti\ccs1220\ccs\tools\compiler\ti-cgt-arm_20.2.7.LTS\lib\</path>
         <kind>archive</kind>
         <file>rtsv7M4_T_le_eabi.lib</file>
         <name>ull_div_t2.asm.obj</name>
      </input_file>
      <input_file id="fl-e8">
         <path>C:\ti\ccs1220\ccs\tools\compiler\ti-cgt-arm_20.2.7.LTS\lib\</path>
         <kind>archive</kind>
         <file>rtsv7M4_T_le_eabi.lib</file>
         <name>copy_zero_init.c.obj</name>
      </input_file>
      <input_file id="fl-e9">
         <path>C:\ti\ccs1220\ccs\tools\compiler\ti-cgt-arm_20.2.7.LTS\lib\</path>
         <kind>archive</kind>
         <file>rtsv7M4_T_le_eabi.lib</file>
         <name>copy_decompress_none.c.obj</name>
      </input_file>
      <input_file id="fl-ea">
         <path>C:\ti\ccs1220\ccs\tools\compiler\ti-cgt-arm_20.2.7.LTS\lib\</path>
         <kind>archive</kind>
         <file>rtsv7M4_T_le_eabi.lib</file>
         <name>copy_decompress_lzss.c.obj</name>
      </input_file>
      <input_file id="fl-eb">
         <path>C:\ti\ccs1220\ccs\tools\compiler\ti-cgt-arm_20.2.7.LTS\lib\</path>
         <kind>archive</kind>
         <file>rtsv7M4_T_le_eabi.lib</file>
         <name>memory.c.obj</name>
      </input_file>
      <input_file id="fl-ec">
         <path>C:\ti\ccs1220\ccs\tools\compiler\ti-cgt-arm_20.2.7.LTS\lib\</path>
         <kind>archive</kind>
         <file>rtsv7M4_T_le_eabi.lib</file>
         <name>boot_cortex_m.c.obj</name>
      </input_file>
      <input_file id="fl-ed">
         <path>C:\ti\ccs1220\ccs\tools\compiler\ti-cgt-arm_20.2.7.LTS\lib\</path>
         <kind>archive</kind>
         <file>rtsv7M4_T_le_eabi.lib</file>
         <name>_printfi.c.obj</name>
      </input_file>
      <input_file id="fl-ee">
         <path>C:\ti\ccs1220\ccs\tools\compiler\ti-cgt-arm_20.2.7.LTS\lib\</path>
         <kind>archive</kind>
         <file>rtsv7M4_T_le_eabi.lib</file>
         <name>div0.asm.obj</name>
      </input_file>
      <input_file id="fl-ef">
         <path>C:\ti\ccs1220\ccs\tools\compiler\ti-cgt-arm_20.2.7.LTS\lib\</path>
         <kind>archive</kind>
         <file>rtsv7M4_T_le_eabi.lib</file>
         <name>fd_add_t2.asm.obj</name>
      </input_file>
      <input_file id="fl-f0">
         <path>C:\ti\ccs1220\ccs\tools\compiler\ti-cgt-arm_20.2.7.LTS\lib\</path>
         <kind>archive</kind>
         <file>rtsv7M4_T_le_eabi.lib</file>
         <name>fd_cmp_t2.asm.obj</name>
      </input_file>
      <input_file id="fl-f1">
         <path>C:\ti\ccs1220\ccs\tools\compiler\ti-cgt-arm_20.2.7.LTS\lib\</path>
         <kind>archive</kind>
         <file>rtsv7M4_T_le_eabi.lib</file>
         <name>fd_div_t2.asm.obj</name>
      </input_file>
      <input_file id="fl-f2">
         <path>C:\ti\ccs1220\ccs\tools\compiler\ti-cgt-arm_20.2.7.LTS\lib\</path>
         <kind>archive</kind>
         <file>rtsv7M4_T_le_eabi.lib</file>
         <name>fd_mul_t2.asm.obj</name>
      </input_file>
      <input_file id="fl-f3">
         <path>C:\ti\ccs1220\ccs\tools\compiler\ti-cgt-arm_20.2.7.LTS\lib\</path>
         <kind>archive</kind>
         <file>rtsv7M4_T_le_eabi.lib</file>
         <name>fd_toi_t2.asm.obj</name>
      </input_file>
      <input_file id="fl-f4">
         <path>C:\ti\ccs1220\ccs\tools\compiler\ti-cgt-arm_20.2.7.LTS\lib\</path>
         <kind>archive</kind>
         <file>rtsv7M4_T_le_eabi.lib</file>
         <name>i_tofd_t2.asm.obj</name>
      </input_file>
      <input_file id="fl-f5">
         <path>C:\ti\ccs1220\ccs\tools\compiler\ti-cgt-arm_20.2.7.LTS\lib\</path>
         <kind>archive</kind>
         <file>rtsv7M4_T_le_eabi.lib</file>
         <name>memset_t2.asm.obj</name>
      </input_file>
      <input_file id="fl-f6">
         <path>C:\ti\ccs1220\ccs\tools\compiler\ti-cgt-arm_20.2.7.LTS\lib\</path>
         <kind>archive</kind>
         <file>rtsv7M4_T_le_eabi.lib</file>
         <name>autoinit.c.obj</name>
      </input_file>
      <input_file id="fl-f7">
         <path>C:\ti\ccs1220\ccs\tools\compiler\ti-cgt-arm_20.2.7.LTS\lib\</path>
         <kind>archive</kind>
         <file>rtsv7M4_T_le_eabi.lib</file>
         <name>pre_init.c.obj</name>
      </input_file>
      <input_file id="fl-f8">
         <path>C:\ti\ccs1220\ccs\tools\compiler\ti-cgt-arm_20.2.7.LTS\lib\</path>
         <kind>archive</kind>
         <file>rtsv7M4_T_le_eabi.lib</file>
         <name>cpy_tbl.c.obj</name>
      </input_file>
      <input_file id="fl-f9">
         <path>C:\ti\ccs1220\ccs\tools\compiler\ti-cgt-arm_20.2.7.LTS\lib\</path>
         <kind>archive</kind>
         <file>rtsv7M4_T_le_eabi.lib</file>
         <name>exit.c.obj</name>
      </input_file>
      <input_file id="fl-fa">
         <path>C:\ti\ccs1220\ccs\tools\compiler\ti-cgt-arm_20.2.7.LTS\lib\</path>
         <kind>archive</kind>
         <file>rtsv7M4_T_le_eabi.lib</file>
         <name>_lock.c.obj</name>
      </input_file>
      <input_file id="fl-fb">
         <path>C:\ti\ccs1220\ccs\tools\compiler\ti-cgt-arm_20.2.7.LTS\lib\</path>
         <kind>archive</kind>
         <file>rtsv7M4_T_le_eabi.lib</file>
         <name>_ltoa.c.obj</name>
      </input_file>
      <input_file id="fl-fc">
         <path>C:\ti\ccs1220\ccs\tools\compiler\ti-cgt-arm_20.2.7.LTS\lib\</path>
         <kind>archive</kind>
         <file>rtsv7M4_T_le_eabi.lib</file>
         <name>args_main.c.obj</name>
      </input_file>
      <input_file id="fl-fd">
         <path>C:\ti\ccs1220\ccs\tools\compiler\ti-cgt-arm_20.2.7.LTS\lib\</path>
         <kind>archive</kind>
         <file>rtsv7M4_T_le_eabi.lib</file>
         <name>atoi.c.obj</name>
      </input_file>
      <input_file id="fl-fe">
         <path>C:\ti\ccs1220\ccs\tools\compiler\ti-cgt-arm_20.2.7.LTS\lib\</path>
         <kind>archive</kind>
         <file>rtsv7M4_T_le_eabi.lib</file>
         <name>ctype.c.obj</name>
      </input_file>
      <input_file id="fl-ff">
         <path>C:\ti\ccs1220\ccs\tools\compiler\ti-cgt-arm_20.2.7.LTS\lib\</path>
         <kind>archive</kind>
         <file>rtsv7M4_T_le_eabi.lib</file>
         <name>memccpy.c.obj</name>
      </input_file>
      <input_file id="fl-100">
         <path>C:\ti\ccs1220\ccs\tools\compiler\ti-cgt-arm_20.2.7.LTS\lib\</path>
         <kind>archive</kind>
         <file>rtsv7M4_T_le_eabi.lib</file>
         <name>strchr.c.obj</name>
      </input_file>
      <input_file id="fl-101">
         <path>C:\ti\ccs1220\ccs\tools\compiler\ti-cgt-arm_20.2.7.LTS\lib\</path>
         <kind>archive</kind>
         <file>rtsv7M4_T_le_eabi.lib</file>
         <name>strlen.c.obj</name>
      </input_file>
      <input_file id="fl-102">
         <path>C:\ti\ccs1220\ccs\tools\compiler\ti-cgt-arm_20.2.7.LTS\lib\</path>
         <kind>archive</kind>
         <file>rtsv7M4_T_le_eabi.lib</file>
         <name>errno.c.obj</name>
      </input_file>
      <input_file id="fl-103">
         <path>C:\ti\ccs1220\ccs\tools\compiler\ti-cgt-arm_20.2.7.LTS\lib\</path>
         <kind>archive</kind>
         <file>rtsv7M4_T_le_eabi.lib</file>
         <name>wcslen.c.obj</name>
      </input_file>
      <input_file id="fl-104">
         <path>C:\ti\ccs1220\ccs\tools\compiler\ti-cgt-arm_20.2.7.LTS\lib\</path>
         <kind>archive</kind>
         <file>rtsv7M4_T_le_eabi.lib</file>
         <name>s_frexp.c.obj</name>
      </input_file>
      <input_file id="fl-105">
         <path>C:\ti\ccs1220\ccs\tools\compiler\ti-cgt-arm_20.2.7.LTS\lib\</path>
         <kind>archive</kind>
         <file>rtsv7M4_T_le_eabi.lib</file>
         <name>s_scalbn.c.obj</name>
      </input_file>
      <input_file id="fl-106">
         <path>C:\ti\ccs1220\ccs\tools\compiler\ti-cgt-arm_20.2.7.LTS\lib\</path>
         <kind>archive</kind>
         <file>rtsv7M4_T_le_eabi.lib</file>
         <name>s_copysign.c.obj</name>
      </input_file>
   </input_file_list>
   <object_component_list>
      <object_component id="oc-3bc">
         <name>.text:__TI_printfi</name>
         <load_address>0x2000c040</load_address>
         <run_address>0x2000c040</run_address>
         <size>0xa4e</size>
         <input_file_ref idref="fl-ed"/>
      </object_component>
      <object_component id="oc-1ed">
         <name>.text:Board_initHook</name>
         <load_address>0x2000ca8e</load_address>
         <run_address>0x2000ca8e</run_address>
         <size>0x2</size>
         <input_file_ref idref="fl-3"/>
      </object_component>
      <object_component id="oc-1db">
         <name>.text:PRCMCC3200MCUInit</name>
         <load_address>0x2000ca90</load_address>
         <run_address>0x2000ca90</run_address>
         <size>0x42c</size>
         <input_file_ref idref="fl-26"/>
      </object_component>
      <object_component id="oc-84a">
         <name>.text:UARTCC32XX_open</name>
         <load_address>0x2000cebc</load_address>
         <run_address>0x2000cebc</run_address>
         <size>0x288</size>
         <input_file_ref idref="fl-17"/>
      </object_component>
      <object_component id="oc-56c">
         <name>.text:_pconv_a</name>
         <load_address>0x2000d144</load_address>
         <run_address>0x2000d144</run_address>
         <size>0x268</size>
         <input_file_ref idref="fl-ed"/>
      </object_component>
      <object_component id="oc-55a">
         <name>.text:_pconv_g</name>
         <load_address>0x2000d3ac</load_address>
         <run_address>0x2000d3ac</run_address>
         <size>0x1cc</size>
         <input_file_ref idref="fl-ed"/>
      </object_component>
      <object_component id="oc-20d">
         <name>.text:initI2C</name>
         <load_address>0x2000d578</load_address>
         <run_address>0x2000d578</run_address>
         <size>0x1c8</size>
         <input_file_ref idref="fl-2"/>
      </object_component>
      <object_component id="oc-76e">
         <name>.text</name>
         <load_address>0x2000d740</load_address>
         <run_address>0x2000d740</run_address>
         <size>0x1b6</size>
         <input_file_ref idref="fl-ef"/>
      </object_component>
      <object_component id="oc-369">
         <name>.text:I2C_init</name>
         <load_address>0x2000d8f6</load_address>
         <run_address>0x2000d8f6</run_address>
         <size>0x2</size>
         <input_file_ref idref="fl-f"/>
      </object_component>
      <object_component id="oc-422">
         <name>.text:PowerCC32XX_sleepPolicy</name>
         <load_address>0x2000d8f8</load_address>
         <run_address>0x2000d8f8</run_address>
         <size>0x1a0</size>
         <input_file_ref idref="fl-1e"/>
      </object_component>
      <object_component id="oc-1f5">
         <name>.text:GPIO_setConfig</name>
         <load_address>0x2000da98</load_address>
         <run_address>0x2000da98</run_address>
         <size>0x154</size>
         <input_file_ref idref="fl-12"/>
      </object_component>
      <object_component id="oc-4e7">
         <name>.text:I2CCC32XX_hwiFxn</name>
         <load_address>0x2000dbec</load_address>
         <run_address>0x2000dbec</run_address>
         <size>0x148</size>
         <input_file_ref idref="fl-13"/>
      </object_component>
      <object_component id="oc-7de">
         <name>.text:parkPins</name>
         <load_address>0x2000dd34</load_address>
         <run_address>0x2000dd34</run_address>
         <size>0x148</size>
         <input_file_ref idref="fl-14"/>
      </object_component>
      <object_component id="oc-566">
         <name>.text:_pconv_e</name>
         <load_address>0x2000de7c</load_address>
         <run_address>0x2000de7c</run_address>
         <size>0x13c</size>
         <input_file_ref idref="fl-ed"/>
      </object_component>
      <object_component id="oc-5e2">
         <name>.text:Power_sleep</name>
         <load_address>0x2000dfb8</load_address>
         <run_address>0x2000dfb8</run_address>
         <size>0x138</size>
         <input_file_ref idref="fl-14"/>
      </object_component>
      <object_component id="oc-391">
         <name>.text:Timer_open</name>
         <load_address>0x2000e0f0</load_address>
         <run_address>0x2000e0f0</run_address>
         <size>0x138</size>
         <input_file_ref idref="fl-16"/>
      </object_component>
      <object_component id="oc-754">
         <name>.text</name>
         <load_address>0x2000e228</load_address>
         <run_address>0x2000e228</run_address>
         <size>0x136</size>
         <input_file_ref idref="fl-f1"/>
      </object_component>
      <object_component id="oc-4f5">
         <name>.text:I2C_transferTimeout</name>
         <load_address>0x2000e35e</load_address>
         <run_address>0x2000e35e</run_address>
         <size>0x122</size>
         <input_file_ref idref="fl-f"/>
      </object_component>
      <object_component id="oc-838">
         <name>.text:UARTCC32XX_close</name>
         <load_address>0x2000e480</load_address>
         <run_address>0x2000e480</run_address>
         <size>0x120</size>
         <input_file_ref idref="fl-17"/>
      </object_component>
      <object_component id="oc-780">
         <name>.text:fcvt</name>
         <load_address>0x2000e5a0</load_address>
         <run_address>0x2000e5a0</run_address>
         <size>0x120</size>
         <input_file_ref idref="fl-ed"/>
      </object_component>
      <object_component id="oc-645">
         <name>.text:aligned_alloc</name>
         <load_address>0x2000e6c0</load_address>
         <run_address>0x2000e6c0</run_address>
         <size>0x100</size>
         <input_file_ref idref="fl-eb"/>
      </object_component>
      <object_component id="oc-375">
         <name>.text:I2C_open</name>
         <load_address>0x2000e7c0</load_address>
         <run_address>0x2000e7c0</run_address>
         <size>0xfc</size>
         <input_file_ref idref="fl-13"/>
      </object_component>
      <object_component id="oc-74f">
         <name>.text</name>
         <load_address>0x2000e8bc</load_address>
         <run_address>0x2000e8bc</run_address>
         <size>0xfc</size>
         <input_file_ref idref="fl-f2"/>
      </object_component>
      <object_component id="oc-83e">
         <name>.text:UARTCC32XX_control</name>
         <load_address>0x2000e9b8</load_address>
         <run_address>0x2000e9b8</run_address>
         <size>0xf2</size>
         <input_file_ref idref="fl-17"/>
      </object_component>
      <object_component id="oc-41c">
         <name>.text:PowerCC32XX_initPolicy</name>
         <load_address>0x2000eaaa</load_address>
         <run_address>0x2000eaaa</run_address>
         <size>0x2</size>
         <input_file_ref idref="fl-1e"/>
      </object_component>
      <object_component id="oc-225">
         <name>.text:readTemp</name>
         <load_address>0x2000eaac</load_address>
         <run_address>0x2000eaac</run_address>
         <size>0xec</size>
         <input_file_ref idref="fl-2"/>
      </object_component>
      <object_component id="oc-43e">
         <name>.text:free</name>
         <load_address>0x2000eb98</load_address>
         <run_address>0x2000eb98</run_address>
         <size>0xe4</size>
         <input_file_ref idref="fl-eb"/>
      </object_component>
      <object_component id="oc-794">
         <name>.text:scalbn</name>
         <load_address>0x2000ec7c</load_address>
         <run_address>0x2000ec7c</run_address>
         <size>0xd0</size>
         <input_file_ref idref="fl-105"/>
      </object_component>
      <object_component id="oc-862">
         <name>.text:UARTCC32XX_write</name>
         <load_address>0x2000ed4c</load_address>
         <run_address>0x2000ed4c</run_address>
         <size>0xca</size>
         <input_file_ref idref="fl-17"/>
      </object_component>
      <object_component id="oc-6fa">
         <name>.text:SemaphoreP_destruct</name>
         <load_address>0x2000ee16</load_address>
         <run_address>0x2000ee16</run_address>
         <size>0x2</size>
         <input_file_ref idref="fl-1b"/>
      </object_component>
      <object_component id="oc-166">
         <name>.text:mainThread</name>
         <load_address>0x2000ee18</load_address>
         <run_address>0x2000ee18</run_address>
         <size>0xc8</size>
         <input_file_ref idref="fl-2"/>
      </object_component>
      <object_component id="oc-7fb">
         <name>.text:restoreParkedPins</name>
         <load_address>0x2000eee0</load_address>
         <run_address>0x2000eee0</run_address>
         <size>0xc0</size>
         <input_file_ref idref="fl-14"/>
      </object_component>
      <object_component id="oc-856">
         <name>.text:UARTCC32XX_readPolling</name>
         <load_address>0x2000efa0</load_address>
         <run_address>0x2000efa0</run_address>
         <size>0xba</size>
         <input_file_ref idref="fl-17"/>
      </object_component>
      <object_component id="oc-385">
         <name>.text:Timer_init</name>
         <load_address>0x2000f05a</load_address>
         <run_address>0x2000f05a</run_address>
         <size>0x2</size>
         <input_file_ref idref="fl-10"/>
      </object_component>
      <object_component id="oc-9bf">
         <name>.text:initHw</name>
         <load_address>0x2000f05c</load_address>
         <run_address>0x2000f05c</run_address>
         <size>0xb8</size>
         <input_file_ref idref="fl-17"/>
      </object_component>
      <object_component id="oc-a68">
         <name>.text:readTaskCallback</name>
         <load_address>0x2000f114</load_address>
         <run_address>0x2000f114</run_address>
         <size>0xb6</size>
         <input_file_ref idref="fl-17"/>
      </object_component>
      <object_component id="oc-6a5">
         <name>.text:I2CCC32XX_completeTransfer</name>
         <load_address>0x2000f1ca</load_address>
         <run_address>0x2000f1ca</run_address>
         <size>0xb2</size>
         <input_file_ref idref="fl-13"/>
      </object_component>
      <object_component id="oc-54f">
         <name>.text:_ltostr</name>
         <load_address>0x2000f27c</load_address>
         <run_address>0x2000f27c</run_address>
         <size>0xb1</size>
         <input_file_ref idref="fl-ed"/>
      </object_component>
      <object_component id="oc-a56">
         <name>.text:readTaskBlocking</name>
         <load_address>0x2000f32e</load_address>
         <run_address>0x2000f32e</run_address>
         <size>0xb0</size>
         <input_file_ref idref="fl-17"/>
      </object_component>
      <object_component id="oc-a5c">
         <name>.text:readIsrTextBlocking</name>
         <load_address>0x2000f3de</load_address>
         <run_address>0x2000f3de</run_address>
         <size>0xae</size>
         <input_file_ref idref="fl-17"/>
      </object_component>
      <object_component id="oc-693">
         <name>.text:I2CCC32XX_primeWriteBurst</name>
         <load_address>0x2000f48c</load_address>
         <run_address>0x2000f48c</run_address>
         <size>0xa8</size>
         <input_file_ref idref="fl-13"/>
      </object_component>
      <object_component id="oc-b5">
         <name>.text:IntEnable</name>
         <load_address>0x2000f534</load_address>
         <run_address>0x2000f534</run_address>
         <size>0xa8</size>
         <input_file_ref idref="fl-24"/>
      </object_component>
      <object_component id="oc-2dc">
         <name>.text:PowerCC32XX_configureWakeup</name>
         <load_address>0x2000f5dc</load_address>
         <run_address>0x2000f5dc</run_address>
         <size>0xa8</size>
         <input_file_ref idref="fl-14"/>
      </object_component>
      <object_component id="oc-a6e">
         <name>.text:readIsrTextCallback</name>
         <load_address>0x2000f684</load_address>
         <run_address>0x2000f684</run_address>
         <size>0xa2</size>
         <input_file_ref idref="fl-17"/>
      </object_component>
      <object_component id="oc-9f6">
         <name>.text:writeData</name>
         <load_address>0x2000f726</load_address>
         <run_address>0x2000f726</run_address>
         <size>0xa2</size>
         <input_file_ref idref="fl-17"/>
      </object_component>
      <object_component id="oc-301">
         <name>.text:SemaphoreP_pend</name>
         <load_address>0x2000f7c8</load_address>
         <run_address>0x2000f7c8</run_address>
         <size>0xa0</size>
         <input_file_ref idref="fl-1b"/>
      </object_component>
      <object_component id="oc-4d5">
         <name>.text:I2CCC32XX_initHw</name>
         <load_address>0x2000f868</load_address>
         <run_address>0x2000f868</run_address>
         <size>0x9c</size>
         <input_file_ref idref="fl-13"/>
      </object_component>
      <object_component id="oc-3b">
         <name>.text</name>
         <load_address>0x2000f904</load_address>
         <run_address>0x2000f904</run_address>
         <size>0x9c</size>
         <input_file_ref idref="fl-e6"/>
      </object_component>
      <object_component id="oc-5dd">
         <name>.text</name>
         <load_address>0x2000f9a0</load_address>
         <run_address>0x2000f9a0</run_address>
         <size>0x96</size>
         <input_file_ref idref="fl-e7"/>
      </object_component>
      <object_component id="oc-844">
         <name>.text:UARTCC32XX_init</name>
         <load_address>0x2000fa36</load_address>
         <run_address>0x2000fa36</run_address>
         <size>0x2</size>
         <input_file_ref idref="fl-17"/>
      </object_component>
      <object_component id="oc-1e7">
         <name>.text:GPIO_init</name>
         <load_address>0x2000fa38</load_address>
         <run_address>0x2000fa38</run_address>
         <size>0x90</size>
         <input_file_ref idref="fl-12"/>
      </object_component>
      <object_component id="oc-7ef">
         <name>.text:restoreNVICRegs</name>
         <load_address>0x2000fac8</load_address>
         <run_address>0x2000fac8</run_address>
         <size>0x90</size>
         <input_file_ref idref="fl-14"/>
      </object_component>
      <object_component id="oc-49e">
         <name>.text:HwiP_construct</name>
         <load_address>0x2000fb58</load_address>
         <run_address>0x2000fb58</run_address>
         <size>0x8c</size>
         <input_file_ref idref="fl-1d"/>
      </object_component>
      <object_component id="oc-979">
         <name>.text:IntPendSet</name>
         <load_address>0x2000fbe4</load_address>
         <run_address>0x2000fbe4</run_address>
         <size>0x88</size>
         <input_file_ref idref="fl-24"/>
      </object_component>
      <object_component id="oc-328">
         <name>.text:PinConfigSet</name>
         <load_address>0x2000fc6c</load_address>
         <run_address>0x2000fc6c</run_address>
         <size>0x88</size>
         <input_file_ref idref="fl-25"/>
      </object_component>
      <object_component id="oc-555">
         <name>.text:__aeabi_cdcmple</name>
         <load_address>0x2000fcf4</load_address>
         <run_address>0x2000fcf4</run_address>
         <size>0x86</size>
         <input_file_ref idref="fl-f0"/>
      </object_component>
      <object_component id="oc-759">
         <name>.text:__aeabi_cdrcmple</name>
         <load_address>0x2000fd7a</load_address>
         <run_address>0x2000fd7a</run_address>
         <size>0x86</size>
         <input_file_ref idref="fl-f0"/>
      </object_component>
      <object_component id="oc-1e1">
         <name>.text:Power_init</name>
         <load_address>0x2000fe00</load_address>
         <run_address>0x2000fe00</run_address>
         <size>0x84</size>
         <input_file_ref idref="fl-14"/>
      </object_component>
      <object_component id="oc-7e4">
         <name>.text:saveNVICRegs</name>
         <load_address>0x2000fe84</load_address>
         <run_address>0x2000fe84</run_address>
         <size>0x84</size>
         <input_file_ref idref="fl-14"/>
      </object_component>
      <object_component id="oc-3a5">
         <name>.text:GPIO_write</name>
         <load_address>0x2000ff08</load_address>
         <run_address>0x2000ff08</run_address>
         <size>0x80</size>
         <input_file_ref idref="fl-12"/>
      </object_component>
      <object_component id="oc-32e">
         <name>.text:Power_setDependency</name>
         <load_address>0x2000ff88</load_address>
         <run_address>0x2000ff88</run_address>
         <size>0x80</size>
         <input_file_ref idref="fl-14"/>
      </object_component>
      <object_component id="oc-a50">
         <name>.text:readIsrBinaryBlocking</name>
         <load_address>0x20010008</load_address>
         <run_address>0x20010008</run_address>
         <size>0x7c</size>
         <input_file_ref idref="fl-17"/>
      </object_component>
      <object_component id="oc-68d">
         <name>.text:I2CCC32XX_primeReadBurst</name>
         <load_address>0x20010084</load_address>
         <run_address>0x20010084</run_address>
         <size>0x7a</size>
         <input_file_ref idref="fl-13"/>
      </object_component>
      <object_component id="oc-3b1">
         <name>.text</name>
         <load_address>0x200100fe</load_address>
         <run_address>0x200100fe</run_address>
         <size>0x7a</size>
         <input_file_ref idref="fl-e2"/>
      </object_component>
      <object_component id="oc-9d">
         <name>.text</name>
         <load_address>0x20010178</load_address>
         <run_address>0x20010178</run_address>
         <size>0x7a</size>
         <input_file_ref idref="fl-f5"/>
      </object_component>
      <object_component id="oc-a62">
         <name>.text:readIsrBinaryCallback</name>
         <load_address>0x200101f2</load_address>
         <run_address>0x200101f2</run_address>
         <size>0x78</size>
         <input_file_ref idref="fl-17"/>
      </object_component>
      <object_component id="oc-9ce">
         <name>.text:UARTCC32XX_hwiIntFxn</name>
         <load_address>0x2001026a</load_address>
         <run_address>0x2001026a</run_address>
         <size>0x74</size>
         <input_file_ref idref="fl-17"/>
      </object_component>
      <object_component id="oc-3e9">
         <name>.text:_nop</name>
         <load_address>0x200102de</load_address>
         <run_address>0x200102de</run_address>
         <size>0x2</size>
         <input_file_ref idref="fl-fa"/>
      </object_component>
      <object_component id="oc-320">
         <name>.text:powerNotifyFxn</name>
         <load_address>0x200102e0</load_address>
         <run_address>0x200102e0</run_address>
         <size>0x74</size>
         <input_file_ref idref="fl-12"/>
      </object_component>
      <object_component id="oc-82c">
         <name>.text:split</name>
         <load_address>0x20010354</load_address>
         <run_address>0x20010354</run_address>
         <size>0x70</size>
         <input_file_ref idref="fl-eb"/>
      </object_component>
      <object_component id="oc-779">
         <name>.text:_mcpy</name>
         <load_address>0x200103c4</load_address>
         <run_address>0x200103c4</run_address>
         <size>0x6e</size>
         <input_file_ref idref="fl-ed"/>
      </object_component>
      <object_component id="oc-6c0">
         <name>.text:I2CSupport_primeTransfer</name>
         <load_address>0x20010432</load_address>
         <run_address>0x20010432</run_address>
         <size>0x6a</size>
         <input_file_ref idref="fl-13"/>
      </object_component>
      <object_component id="oc-14">
         <name>.text:decompress:lzss:__TI_decompress_lzss</name>
         <load_address>0x2001049c</load_address>
         <run_address>0x2001049c</run_address>
         <size>0x68</size>
         <input_file_ref idref="fl-ea"/>
      </object_component>
      <object_component id="oc-86e">
         <name>.text:UARTCC32XX_writeCancel</name>
         <load_address>0x20010504</load_address>
         <run_address>0x20010504</run_address>
         <size>0x66</size>
         <input_file_ref idref="fl-17"/>
      </object_component>
      <object_component id="oc-73">
         <name>.text:busFaultHandler</name>
         <load_address>0x2001056a</load_address>
         <run_address>0x2001056a</run_address>
         <size>0x2</size>
         <input_file_ref idref="fl-1f"/>
      </object_component>
      <object_component id="oc-340">
         <name>.text:GPIO_setInterruptConfig</name>
         <load_address>0x2001056c</load_address>
         <run_address>0x2001056c</run_address>
         <size>0x64</size>
         <input_file_ref idref="fl-12"/>
      </object_component>
      <object_component id="oc-48e">
         <name>.text:PowerCC32XX_setParkState</name>
         <load_address>0x200105d0</load_address>
         <run_address>0x200105d0</run_address>
         <size>0x64</size>
         <input_file_ref idref="fl-14"/>
      </object_component>
      <object_component id="oc-868">
         <name>.text:UARTCC32XX_writePolling</name>
         <load_address>0x20010634</load_address>
         <run_address>0x20010634</run_address>
         <size>0x62</size>
         <input_file_ref idref="fl-17"/>
      </object_component>
      <object_component id="oc-463">
         <name>.text:clkFxn</name>
         <load_address>0x20010696</load_address>
         <run_address>0x20010696</run_address>
         <size>0x2</size>
         <input_file_ref idref="fl-1b"/>
      </object_component>
      <object_component id="oc-349">
         <name>.text:GPIO_hwiIntFxn</name>
         <load_address>0x20010698</load_address>
         <run_address>0x20010698</run_address>
         <size>0x60</size>
         <input_file_ref idref="fl-12"/>
      </object_component>
      <object_component id="oc-2aa">
         <name>.text:PRCMSysResetCauseGet</name>
         <load_address>0x200106f8</load_address>
         <run_address>0x200106f8</run_address>
         <size>0x60</size>
         <input_file_ref idref="fl-26"/>
      </object_component>
      <object_component id="oc-78e">
         <name>.text:frexp</name>
         <load_address>0x20010758</load_address>
         <run_address>0x20010758</run_address>
         <size>0x5c</size>
         <input_file_ref idref="fl-104"/>
      </object_component>
      <object_component id="oc-939">
         <name>.text:sysTickInit</name>
         <load_address>0x200107b4</load_address>
         <run_address>0x200107b4</run_address>
         <size>0x5c</size>
         <input_file_ref idref="fl-1c"/>
      </object_component>
      <object_component id="oc-2c3">
         <name>.text:PRCMPeripheralReset</name>
         <load_address>0x20010810</load_address>
         <run_address>0x20010810</run_address>
         <size>0x58</size>
         <input_file_ref idref="fl-26"/>
      </object_component>
      <object_component id="oc-8e6">
         <name>.text:Power_releaseDependency</name>
         <load_address>0x20010868</load_address>
         <run_address>0x20010868</run_address>
         <size>0x58</size>
         <input_file_ref idref="fl-14"/>
      </object_component>
      <object_component id="oc-560">
         <name>.text:_pconv_f</name>
         <load_address>0x200108c0</load_address>
         <run_address>0x200108c0</run_address>
         <size>0x56</size>
         <input_file_ref idref="fl-ed"/>
      </object_component>
      <object_component id="oc-763">
         <name>.text:__TI_ltoa</name>
         <load_address>0x20010916</load_address>
         <run_address>0x20010916</run_address>
         <size>0x54</size>
         <input_file_ref idref="fl-fb"/>
      </object_component>
      <object_component id="oc-aab">
         <name>.text:ringBufGet</name>
         <load_address>0x2001096a</load_address>
         <run_address>0x2001096a</run_address>
         <size>0x54</size>
         <input_file_ref idref="fl-17"/>
      </object_component>
      <object_component id="oc-956">
         <name>.text:PowerCC32XX_resumeLPDS</name>
         <load_address>0x200109be</load_address>
         <run_address>0x200109be</run_address>
         <size>0x52</size>
         <input_file_ref idref="fl-15"/>
      </object_component>
      <object_component id="oc-773">
         <name>.text:_ecpy</name>
         <load_address>0x20010a10</load_address>
         <run_address>0x20010a10</run_address>
         <size>0x52</size>
         <input_file_ref idref="fl-ed"/>
      </object_component>
      <object_component id="oc-51d">
         <name>.text:initHw</name>
         <load_address>0x20010a62</load_address>
         <run_address>0x20010a62</run_address>
         <size>0x52</size>
         <input_file_ref idref="fl-16"/>
      </object_component>
      <object_component id="oc-79">
         <name>.text:ClockP_sysTickHandler</name>
         <load_address>0x20010ab4</load_address>
         <run_address>0x20010ab4</run_address>
         <size>0x50</size>
         <input_file_ref idref="fl-1c"/>
      </object_component>
      <object_component id="oc-609">
         <name>.text:SemaphoreP_construct</name>
         <load_address>0x20010b04</load_address>
         <run_address>0x20010b04</run_address>
         <size>0x50</size>
         <input_file_ref idref="fl-1b"/>
      </object_component>
      <object_component id="oc-505">
         <name>.text:TimerCC32XX_allocateTimerResource</name>
         <load_address>0x20010b54</load_address>
         <run_address>0x20010b54</run_address>
         <size>0x50</size>
         <input_file_ref idref="fl-16"/>
      </object_component>
      <object_component id="oc-681">
         <name>.text:I2CCC32XX_readRecieveFifo</name>
         <load_address>0x20010ba4</load_address>
         <run_address>0x20010ba4</run_address>
         <size>0x4c</size>
         <input_file_ref idref="fl-13"/>
      </object_component>
      <object_component id="oc-94d">
         <name>.text:PowerCC32XX_parkPin</name>
         <load_address>0x20010bf0</load_address>
         <run_address>0x20010bf0</run_address>
         <size>0x4c</size>
         <input_file_ref idref="fl-14"/>
      </object_component>
      <object_component id="oc-549">
         <name>.text:atoi</name>
         <load_address>0x20010c3c</load_address>
         <run_address>0x20010c3c</run_address>
         <size>0x4c</size>
         <input_file_ref idref="fl-fd"/>
      </object_component>
      <object_component id="oc-7f5">
         <name>.text:restorePeriphClocks</name>
         <load_address>0x20010c88</load_address>
         <run_address>0x20010c88</run_address>
         <size>0x4c</size>
         <input_file_ref idref="fl-14"/>
      </object_component>
      <object_component id="oc-22b">
         <name>.text:snprintf</name>
         <load_address>0x20010cd4</load_address>
         <run_address>0x20010cd4</run_address>
         <size>0x4c</size>
         <input_file_ref idref="fl-e1"/>
      </object_component>
      <object_component id="oc-971">
         <name>.text:FlashDisable</name>
         <load_address>0x20010d20</load_address>
         <run_address>0x20010d20</run_address>
         <size>0x48</size>
         <input_file_ref idref="fl-2b"/>
      </object_component>
      <object_component id="oc-4a5">
         <name>.text:GPIO_disableInt</name>
         <load_address>0x20010d68</load_address>
         <run_address>0x20010d68</run_address>
         <size>0x48</size>
         <input_file_ref idref="fl-12"/>
      </object_component>
      <object_component id="oc-201">
         <name>.text:GPIO_enableInt</name>
         <load_address>0x20010db0</load_address>
         <run_address>0x20010db0</run_address>
         <size>0x48</size>
         <input_file_ref idref="fl-12"/>
      </object_component>
      <object_component id="oc-801">
         <name>.text:PRCMLPDSEnter</name>
         <load_address>0x20010df8</load_address>
         <run_address>0x20010df8</run_address>
         <size>0x48</size>
         <input_file_ref idref="fl-26"/>
      </object_component>
      <object_component id="oc-2bd">
         <name>.text:PRCMPeripheralClkEnable</name>
         <load_address>0x20010e40</load_address>
         <run_address>0x20010e40</run_address>
         <size>0x48</size>
         <input_file_ref idref="fl-26"/>
      </object_component>
      <object_component id="oc-8a4">
         <name>.text:Power_releaseConstraint</name>
         <load_address>0x20010e88</load_address>
         <run_address>0x20010e88</run_address>
         <size>0x48</size>
         <input_file_ref idref="fl-14"/>
      </object_component>
      <object_component id="oc-213">
         <name>.text:initTimer</name>
         <load_address>0x20010ed0</load_address>
         <run_address>0x20010ed0</run_address>
         <size>0x48</size>
         <input_file_ref idref="fl-2"/>
      </object_component>
      <object_component id="oc-75e">
         <name>.text</name>
         <load_address>0x20010f18</load_address>
         <run_address>0x20010f18</run_address>
         <size>0x48</size>
         <input_file_ref idref="fl-f3"/>
      </object_component>
      <object_component id="oc-a98">
         <name>.text:RingBuf_put</name>
         <load_address>0x20010f60</load_address>
         <run_address>0x20010f60</run_address>
         <size>0x46</size>
         <input_file_ref idref="fl-19"/>
      </object_component>
      <object_component id="oc-517">
         <name>.text:getPrescaler</name>
         <load_address>0x20010fa6</load_address>
         <run_address>0x20010fa6</run_address>
         <size>0x46</size>
         <input_file_ref idref="fl-16"/>
      </object_component>
      <object_component id="oc-631">
         <name>.text:ClockP_stop</name>
         <load_address>0x20010fec</load_address>
         <run_address>0x20010fec</run_address>
         <size>0x44</size>
         <input_file_ref idref="fl-1c"/>
      </object_component>
      <object_component id="oc-95b">
         <name>.text:PRCMLPDSRestoreInfoSet</name>
         <load_address>0x20011030</load_address>
         <run_address>0x20011030</run_address>
         <size>0x44</size>
         <input_file_ref idref="fl-26"/>
      </object_component>
      <object_component id="oc-7ea">
         <name>.text:PowerCC32XX_enterLPDS</name>
         <load_address>0x20011074</load_address>
         <run_address>0x20011074</run_address>
         <size>0x44</size>
         <input_file_ref idref="fl-15"/>
      </object_component>
      <object_component id="oc-30d">
         <name>.text:SemaphoreP_post</name>
         <load_address>0x200110b8</load_address>
         <run_address>0x200110b8</run_address>
         <size>0x44</size>
         <input_file_ref idref="fl-1b"/>
      </object_component>
      <object_component id="oc-5f9">
         <name>.text:SwiP_restore</name>
         <load_address>0x200110fc</load_address>
         <run_address>0x200110fc</run_address>
         <size>0x44</size>
         <input_file_ref idref="fl-20"/>
      </object_component>
      <object_component id="oc-397">
         <name>.text:Timer_start</name>
         <load_address>0x20011140</load_address>
         <run_address>0x20011140</run_address>
         <size>0x44</size>
         <input_file_ref idref="fl-10"/>
      </object_component>
      <object_component id="oc-356">
         <name>.text:UART_init</name>
         <load_address>0x20011184</load_address>
         <run_address>0x20011184</run_address>
         <size>0x44</size>
         <input_file_ref idref="fl-11"/>
      </object_component>
      <object_component id="oc-179">
         <name>.text:__TI_auto_init_nobinit_nopinit:__TI_auto_init_nobinit_nopinit</name>
         <load_address>0x200111c8</load_address>
         <run_address>0x200111c8</run_address>
         <size>0x44</size>
         <input_file_ref idref="fl-f6"/>
      </object_component>
      <object_component id="oc-a3f">
         <name>.text:ClockP_construct</name>
         <load_address>0x2001120c</load_address>
         <run_address>0x2001120c</run_address>
         <size>0x40</size>
         <input_file_ref idref="fl-1c"/>
      </object_component>
      <object_component id="oc-2d5">
         <name>.text:PinModeSet</name>
         <load_address>0x2001124c</load_address>
         <run_address>0x2001124c</run_address>
         <size>0x40</size>
         <input_file_ref idref="fl-25"/>
      </object_component>
      <object_component id="oc-9e8">
         <name>.text:RingBuf_get</name>
         <load_address>0x2001128c</load_address>
         <run_address>0x2001128c</run_address>
         <size>0x40</size>
         <input_file_ref idref="fl-19"/>
      </object_component>
      <object_component id="oc-537">
         <name>.text:TimerSupport_timerEnable</name>
         <load_address>0x200112cc</load_address>
         <run_address>0x200112cc</run_address>
         <size>0x40</size>
         <input_file_ref idref="fl-16"/>
      </object_component>
      <object_component id="oc-511">
         <name>.text:Timer_close</name>
         <load_address>0x2001130c</load_address>
         <run_address>0x2001130c</run_address>
         <size>0x40</size>
         <input_file_ref idref="fl-16"/>
      </object_component>
      <object_component id="oc-850">
         <name>.text:UARTCC32XX_read</name>
         <load_address>0x2001134c</load_address>
         <run_address>0x2001134c</run_address>
         <size>0x40</size>
         <input_file_ref idref="fl-17"/>
      </object_component>
      <object_component id="oc-362">
         <name>.text:UART_open</name>
         <load_address>0x2001138c</load_address>
         <run_address>0x2001138c</run_address>
         <size>0x40</size>
         <input_file_ref idref="fl-11"/>
      </object_component>
      <object_component id="oc-786">
         <name>.text:_fcpy</name>
         <load_address>0x200113cc</load_address>
         <run_address>0x200113cc</run_address>
         <size>0x3e</size>
         <input_file_ref idref="fl-ed"/>
      </object_component>
      <object_component id="oc-6d">
         <name>.text:defaultHandler</name>
         <load_address>0x2001140a</load_address>
         <run_address>0x2001140a</run_address>
         <size>0x2</size>
         <input_file_ref idref="fl-1f"/>
      </object_component>
      <object_component id="oc-45d">
         <name>.text:ClockP_destruct</name>
         <load_address>0x2001140c</load_address>
         <run_address>0x2001140c</run_address>
         <size>0x3c</size>
         <input_file_ref idref="fl-1c"/>
      </object_component>
      <object_component id="oc-739">
         <name>.text:Power_setConstraint</name>
         <load_address>0x20011448</load_address>
         <run_address>0x20011448</run_address>
         <size>0x3c</size>
         <input_file_ref idref="fl-14"/>
      </object_component>
      <object_component id="oc-207">
         <name>.text:initUART</name>
         <load_address>0x20011484</load_address>
         <run_address>0x20011484</run_address>
         <size>0x3c</size>
         <input_file_ref idref="fl-2"/>
      </object_component>
      <object_component id="oc-5d7">
         <name>.text:getCountsRTC</name>
         <load_address>0x200114c0</load_address>
         <run_address>0x200114c0</run_address>
         <size>0x3a</size>
         <input_file_ref idref="fl-1e"/>
      </object_component>
      <object_component id="oc-67">
         <name>.text:faultISR</name>
         <load_address>0x200114fa</load_address>
         <run_address>0x200114fa</run_address>
         <size>0x2</size>
         <input_file_ref idref="fl-1f"/>
      </object_component>
      <object_component id="oc-807">
         <name>.text:PRCMLPDSEnterKeepDebugIf</name>
         <load_address>0x200114fc</load_address>
         <run_address>0x200114fc</run_address>
         <size>0x38</size>
         <input_file_ref idref="fl-26"/>
      </object_component>
      <object_component id="oc-db">
         <name>.text:addToList</name>
         <load_address>0x20011534</load_address>
         <run_address>0x20011534</run_address>
         <size>0x38</size>
         <input_file_ref idref="fl-1c"/>
      </object_component>
      <object_component id="oc-59">
         <name>.text:initVectors</name>
         <load_address>0x2001156c</load_address>
         <run_address>0x2001156c</run_address>
         <size>0x38</size>
         <input_file_ref idref="fl-1f"/>
      </object_component>
      <object_component id="oc-7d8">
         <name>.text:notify</name>
         <load_address>0x200115a4</load_address>
         <run_address>0x200115a4</run_address>
         <size>0x38</size>
         <input_file_ref idref="fl-14"/>
      </object_component>
      <object_component id="oc-3b6">
         <name>.text</name>
         <load_address>0x200115dc</load_address>
         <run_address>0x200115dc</run_address>
         <size>0x38</size>
         <input_file_ref idref="fl-e3"/>
      </object_component>
      <object_component id="oc-3ac">
         <name>.text</name>
         <load_address>0x20011614</load_address>
         <run_address>0x20011614</run_address>
         <size>0x38</size>
         <input_file_ref idref="fl-e4"/>
      </object_component>
      <object_component id="oc-71a">
         <name>.text:TimerControlStall</name>
         <load_address>0x2001164c</load_address>
         <run_address>0x2001164c</run_address>
         <size>0x36</size>
         <input_file_ref idref="fl-27"/>
      </object_component>
      <object_component id="oc-6e8">
         <name>.text:Timer_stop</name>
         <load_address>0x20011682</load_address>
         <run_address>0x20011682</run_address>
         <size>0x36</size>
         <input_file_ref idref="fl-10"/>
      </object_component>
      <object_component id="oc-85c">
         <name>.text:UARTCC32XX_readCancel</name>
         <load_address>0x200116b8</load_address>
         <run_address>0x200116b8</run_address>
         <size>0x36</size>
         <input_file_ref idref="fl-17"/>
      </object_component>
      <object_component id="oc-61">
         <name>.text:nmiISR</name>
         <load_address>0x200116ee</load_address>
         <run_address>0x200116ee</run_address>
         <size>0x2</size>
         <input_file_ref idref="fl-1f"/>
      </object_component>
      <object_component id="oc-5c5">
         <name>.text:ClockP_getTicksUntilInterrupt</name>
         <load_address>0x200116f0</load_address>
         <run_address>0x200116f0</run_address>
         <size>0x34</size>
         <input_file_ref idref="fl-1c"/>
      </object_component>
      <object_component id="oc-7c9">
         <name>.text:ClockP_startup</name>
         <load_address>0x20011724</load_address>
         <run_address>0x20011724</run_address>
         <size>0x34</size>
         <input_file_ref idref="fl-1c"/>
      </object_component>
      <object_component id="oc-2cf">
         <name>.text:PinModeGet</name>
         <load_address>0x20011758</load_address>
         <run_address>0x20011758</run_address>
         <size>0x34</size>
         <input_file_ref idref="fl-25"/>
      </object_component>
      <object_component id="oc-98c">
         <name>.text:PowerCC32XX_restoreParkState</name>
         <load_address>0x2001178c</load_address>
         <run_address>0x2001178c</run_address>
         <size>0x34</size>
         <input_file_ref idref="fl-14"/>
      </object_component>
      <object_component id="oc-700">
         <name>.text:TimerCC32XX_freeTimerResource</name>
         <load_address>0x200117c0</load_address>
         <run_address>0x200117c0</run_address>
         <size>0x34</size>
         <input_file_ref idref="fl-16"/>
      </object_component>
      <object_component id="oc-52f">
         <name>.text:TimerCC32XX_hwiIntFunction</name>
         <load_address>0x200117f4</load_address>
         <run_address>0x200117f4</run_address>
         <size>0x34</size>
         <input_file_ref idref="fl-16"/>
      </object_component>
      <object_component id="oc-6dd">
         <name>.text:getPowerMgrId</name>
         <load_address>0x20011828</load_address>
         <run_address>0x20011828</run_address>
         <size>0x34</size>
         <input_file_ref idref="fl-16"/>
      </object_component>
      <object_component id="oc-44b">
         <name>.text:ClockP_start</name>
         <load_address>0x2001185c</load_address>
         <run_address>0x2001185c</run_address>
         <size>0x30</size>
         <input_file_ref idref="fl-1c"/>
      </object_component>
      <object_component id="oc-96a">
         <name>.text:PowerCC32XX_restoreParkedPin</name>
         <load_address>0x2001188c</load_address>
         <run_address>0x2001188c</run_address>
         <size>0x30</size>
         <input_file_ref idref="fl-14"/>
      </object_component>
      <object_component id="oc-3c2">
         <name>.text:_outs</name>
         <load_address>0x200118bc</load_address>
         <run_address>0x200118bc</run_address>
         <size>0x30</size>
         <input_file_ref idref="fl-e1"/>
      </object_component>
      <object_component id="oc-769">
         <name>.text</name>
         <load_address>0x200118ec</load_address>
         <run_address>0x200118ec</run_address>
         <size>0x2e</size>
         <input_file_ref idref="fl-f4"/>
      </object_component>
      <object_component id="oc-7d2">
         <name>.text</name>
         <load_address>0x2001191a</load_address>
         <run_address>0x2001191a</run_address>
         <size>0x2</size>
         <input_file_ref idref="fl-ee"/>
      </object_component>
      <object_component id="oc-9ad">
         <name>.text:PowerCC32XX_getParkState</name>
         <load_address>0x2001191c</load_address>
         <run_address>0x2001191c</run_address>
         <size>0x2c</size>
         <input_file_ref idref="fl-14"/>
      </object_component>
      <object_component id="oc-219">
         <name>.text:checkHeat</name>
         <load_address>0x20011948</load_address>
         <run_address>0x20011948</run_address>
         <size>0x2c</size>
         <input_file_ref idref="fl-2"/>
      </object_component>
      <object_component id="oc-33a">
         <name>.text:HwiP_create</name>
         <load_address>0x20011974</load_address>
         <run_address>0x20011974</run_address>
         <size>0x2a</size>
         <input_file_ref idref="fl-1d"/>
      </object_component>
      <object_component id="oc-714">
         <name>.text:TimerLoadSet</name>
         <load_address>0x2001199e</load_address>
         <run_address>0x2001199e</run_address>
         <size>0x2a</size>
         <input_file_ref idref="fl-27"/>
      </object_component>
      <object_component id="oc-70e">
         <name>.text:TimerPrescaleSet</name>
         <load_address>0x200119c8</load_address>
         <run_address>0x200119c8</run_address>
         <size>0x2a</size>
         <input_file_ref idref="fl-27"/>
      </object_component>
      <object_component id="oc-699">
         <name>.text:I2CFIFODataPutNonBlocking</name>
         <load_address>0x200119f2</load_address>
         <run_address>0x200119f2</run_address>
         <size>0x28</size>
         <input_file_ref idref="fl-23"/>
      </object_component>
      <object_component id="oc-2c9">
         <name>.text:PRCMPeripheralClkDisable</name>
         <load_address>0x20011a1c</load_address>
         <run_address>0x20011a1c</run_address>
         <size>0x28</size>
         <input_file_ref idref="fl-26"/>
      </object_component>
      <object_component id="oc-307">
         <name>.text:Power_registerNotify</name>
         <load_address>0x20011a44</load_address>
         <run_address>0x20011a44</run_address>
         <size>0x28</size>
         <input_file_ref idref="fl-14"/>
      </object_component>
      <object_component id="oc-629">
         <name>.text:free_list_insert</name>
         <load_address>0x20011a6c</load_address>
         <run_address>0x20011a6c</run_address>
         <size>0x28</size>
         <input_file_ref idref="fl-eb"/>
      </object_component>
      <object_component id="oc-880">
         <name>.text:I2CFIFODataGetNonBlocking</name>
         <load_address>0x20011a94</load_address>
         <run_address>0x20011a94</run_address>
         <size>0x26</size>
         <input_file_ref idref="fl-23"/>
      </object_component>
      <object_component id="oc-6cc">
         <name>.text:I2C_cancel</name>
         <load_address>0x20011aba</load_address>
         <run_address>0x20011aba</run_address>
         <size>0x26</size>
         <input_file_ref idref="fl-f"/>
      </object_component>
      <object_component id="oc-46d">
         <name>.text:List_put</name>
         <load_address>0x20011ae0</load_address>
         <run_address>0x20011ae0</run_address>
         <size>0x26</size>
         <input_file_ref idref="fl-18"/>
      </object_component>
      <object_component id="oc-8d7">
         <name>.text:List_remove</name>
         <load_address>0x20011b06</load_address>
         <run_address>0x20011b06</run_address>
         <size>0x26</size>
         <input_file_ref idref="fl-18"/>
      </object_component>
      <object_component id="oc-64f">
         <name>.text:HwiP_dispatch</name>
         <load_address>0x20011b2c</load_address>
         <run_address>0x20011b2c</run_address>
         <size>0x24</size>
         <input_file_ref idref="fl-1d"/>
      </object_component>
      <object_component id="oc-9a7">
         <name>.text:PowerCC32XX_reset</name>
         <load_address>0x20011b50</load_address>
         <run_address>0x20011b50</run_address>
         <size>0x24</size>
         <input_file_ref idref="fl-14"/>
      </object_component>
      <object_component id="oc-8d0">
         <name>.text:TimerSupport_timerDisable</name>
         <load_address>0x20011b74</load_address>
         <run_address>0x20011b74</run_address>
         <size>0x24</size>
         <input_file_ref idref="fl-16"/>
      </object_component>
      <object_component id="oc-c5">
         <name>.text:_c_int00_noargs:_c_int00_noargs</name>
         <load_address>0x20011b98</load_address>
         <run_address>0x20011b98</run_address>
         <size>0x24</size>
         <input_file_ref idref="fl-ec"/>
      </object_component>
      <object_component id="oc-888">
         <name>.text:I2CMasterSlaveAddrSet</name>
         <load_address>0x20011bbc</load_address>
         <run_address>0x20011bbc</run_address>
         <size>0x22</size>
         <input_file_ref idref="fl-23"/>
      </object_component>
      <object_component id="oc-8de">
         <name>.text:HwiP_destruct</name>
         <load_address>0x20011bde</load_address>
         <run_address>0x20011bde</run_address>
         <size>0x20</size>
         <input_file_ref idref="fl-1d"/>
      </object_component>
      <object_component id="oc-6ee">
         <name>.text:Power_unregisterNotify</name>
         <load_address>0x20011c00</load_address>
         <run_address>0x20011c00</run_address>
         <size>0x20</size>
         <input_file_ref idref="fl-14"/>
      </object_component>
      <object_component id="oc-993">
         <name>.text:RingBuf_peek</name>
         <load_address>0x20011c20</load_address>
         <run_address>0x20011c20</run_address>
         <size>0x20</size>
         <input_file_ref idref="fl-19"/>
      </object_component>
      <object_component id="oc-21f">
         <name>.text:checkLED</name>
         <load_address>0x20011c40</load_address>
         <run_address>0x20011c40</run_address>
         <size>0x20</size>
         <input_file_ref idref="fl-2"/>
      </object_component>
      <object_component id="oc-9a1">
         <name>.text:getPowerMgrId</name>
         <load_address>0x20011c60</load_address>
         <run_address>0x20011c60</run_address>
         <size>0x20</size>
         <input_file_ref idref="fl-17"/>
      </object_component>
      <object_component id="oc-675">
         <name>.text:I2CMasterIntStatusEx</name>
         <load_address>0x20011c80</load_address>
         <run_address>0x20011c80</run_address>
         <size>0x1e</size>
         <input_file_ref idref="fl-23"/>
      </object_component>
      <object_component id="oc-4cf">
         <name>.text:SemaphoreP_constructBinary</name>
         <load_address>0x20011c9e</load_address>
         <run_address>0x20011c9e</run_address>
         <size>0x1e</size>
         <input_file_ref idref="fl-1b"/>
      </object_component>
      <object_component id="oc-708">
         <name>.text:TimerDisable</name>
         <load_address>0x20011cbc</load_address>
         <run_address>0x20011cbc</run_address>
         <size>0x1e</size>
         <input_file_ref idref="fl-27"/>
      </object_component>
      <object_component id="oc-73f">
         <name>.text:TimerEnable</name>
         <load_address>0x20011cda</load_address>
         <run_address>0x20011cda</run_address>
         <size>0x1e</size>
         <input_file_ref idref="fl-27"/>
      </object_component>
      <object_component id="oc-1fb">
         <name>.text:GPIO_setCallback</name>
         <load_address>0x20011cf8</load_address>
         <run_address>0x20011cf8</run_address>
         <size>0x1c</size>
         <input_file_ref idref="fl-e"/>
      </object_component>
      <object_component id="oc-947">
         <name>.text:PinToPadGet</name>
         <load_address>0x20011d14</load_address>
         <run_address>0x20011d14</run_address>
         <size>0x1c</size>
         <input_file_ref idref="fl-25"/>
      </object_component>
      <object_component id="oc-5b9">
         <name>.text:SwiP_disable</name>
         <load_address>0x20011d30</load_address>
         <run_address>0x20011d30</run_address>
         <size>0x1c</size>
         <input_file_ref idref="fl-20"/>
      </object_component>
      <object_component id="oc-623">
         <name>.text:free_list_remove</name>
         <load_address>0x20011d4c</load_address>
         <run_address>0x20011d4c</run_address>
         <size>0x1c</size>
         <input_file_ref idref="fl-eb"/>
      </object_component>
      <object_component id="oc-572">
         <name>.text:memccpy</name>
         <load_address>0x20011d68</load_address>
         <run_address>0x20011d68</run_address>
         <size>0x1c</size>
         <input_file_ref idref="fl-ff"/>
      </object_component>
      <object_component id="oc-9b9">
         <name>.text:ClockP_create</name>
         <load_address>0x20011d84</load_address>
         <run_address>0x20011d84</run_address>
         <size>0x1a</size>
         <input_file_ref idref="fl-1c"/>
      </object_component>
      <object_component id="oc-2e9">
         <name>.text:SemaphoreP_createBinary</name>
         <load_address>0x20011d9e</load_address>
         <run_address>0x20011d9e</run_address>
         <size>0x1a</size>
         <input_file_ref idref="fl-1b"/>
      </object_component>
      <object_component id="oc-21">
         <name>.text:resetISR</name>
         <load_address>0x20011db8</load_address>
         <run_address>0x20011db8</run_address>
         <size>0x1a</size>
         <input_file_ref idref="fl-1f"/>
      </object_component>
      <object_component id="oc-8b9">
         <name>.text:I2CMasterBusBusy</name>
         <load_address>0x20011dd2</load_address>
         <run_address>0x20011dd2</run_address>
         <size>0x18</size>
         <input_file_ref idref="fl-23"/>
      </object_component>
      <object_component id="oc-687">
         <name>.text:I2CMasterIntDisableEx</name>
         <load_address>0x20011dea</load_address>
         <run_address>0x20011dea</run_address>
         <size>0x18</size>
         <input_file_ref idref="fl-23"/>
      </object_component>
      <object_component id="oc-89a">
         <name>.text:I2CMasterIntEnableEx</name>
         <load_address>0x20011e02</load_address>
         <run_address>0x20011e02</run_address>
         <size>0x18</size>
         <input_file_ref idref="fl-23"/>
      </object_component>
      <object_component id="oc-8b3">
         <name>.text:I2CRxFIFOFlush</name>
         <load_address>0x20011e1a</load_address>
         <run_address>0x20011e1a</run_address>
         <size>0x18</size>
         <input_file_ref idref="fl-23"/>
      </object_component>
      <object_component id="oc-8ad">
         <name>.text:I2CTxFIFOFlush</name>
         <load_address>0x20011e32</load_address>
         <run_address>0x20011e32</run_address>
         <size>0x18</size>
         <input_file_ref idref="fl-23"/>
      </object_component>
      <object_component id="oc-5cb">
         <name>.text:Power_getTransitionLatency</name>
         <load_address>0x20011e4c</load_address>
         <run_address>0x20011e4c</run_address>
         <size>0x18</size>
         <input_file_ref idref="fl-14"/>
      </object_component>
      <object_component id="oc-81b">
         <name>.text:Power_idleFunc</name>
         <load_address>0x20011e64</load_address>
         <run_address>0x20011e64</run_address>
         <size>0x18</size>
         <input_file_ref idref="fl-14"/>
      </object_component>
      <object_component id="oc-a0e">
         <name>.text:TimerIntDisable</name>
         <load_address>0x20011e7c</load_address>
         <run_address>0x20011e7c</run_address>
         <size>0x18</size>
         <input_file_ref idref="fl-27"/>
      </object_component>
      <object_component id="oc-733">
         <name>.text:TimerIntEnable</name>
         <load_address>0x20011e94</load_address>
         <run_address>0x20011e94</run_address>
         <size>0x18</size>
         <input_file_ref idref="fl-27"/>
      </object_component>
      <object_component id="oc-9f0">
         <name>.text:UARTBusy</name>
         <load_address>0x20011eac</load_address>
         <run_address>0x20011eac</run_address>
         <size>0x18</size>
         <input_file_ref idref="fl-28"/>
      </object_component>
      <object_component id="oc-a83">
         <name>.text:UARTIntEnable</name>
         <load_address>0x20011ec4</load_address>
         <run_address>0x20011ec4</run_address>
         <size>0x18</size>
         <input_file_ref idref="fl-28"/>
      </object_component>
      <object_component id="oc-35c">
         <name>.text:UART_Params_init</name>
         <load_address>0x20011edc</load_address>
         <run_address>0x20011edc</run_address>
         <size>0x18</size>
         <input_file_ref idref="fl-11"/>
      </object_component>
      <object_component id="oc-3c8">
         <name>.text:_outc</name>
         <load_address>0x20011ef4</load_address>
         <run_address>0x20011ef4</run_address>
         <size>0x18</size>
         <input_file_ref idref="fl-e1"/>
      </object_component>
      <object_component id="oc-5e8">
         <name>.text</name>
         <load_address>0x20011f0c</load_address>
         <run_address>0x20011f0c</run_address>
         <size>0x18</size>
         <input_file_ref idref="fl-e5"/>
      </object_component>
      <object_component id="oc-894">
         <name>.text:I2CMasterBurstLengthSet</name>
         <load_address>0x20011f24</load_address>
         <run_address>0x20011f24</run_address>
         <size>0x16</size>
         <input_file_ref idref="fl-23"/>
      </object_component>
      <object_component id="oc-2b7">
         <name>.text:PRCMHIBRegRead</name>
         <load_address>0x20011f3a</load_address>
         <run_address>0x20011f3a</run_address>
         <size>0x16</size>
         <input_file_ref idref="fl-26"/>
      </object_component>
      <object_component id="oc-2b1">
         <name>.text:PRCMHIBRegWrite</name>
         <load_address>0x20011f50</load_address>
         <run_address>0x20011f50</run_address>
         <size>0x16</size>
         <input_file_ref idref="fl-26"/>
      </object_component>
      <object_component id="oc-433">
         <name>.text:SemaphoreP_create</name>
         <load_address>0x20011f66</load_address>
         <run_address>0x20011f66</run_address>
         <size>0x16</size>
         <input_file_ref idref="fl-1b"/>
      </object_component>
      <object_component id="oc-79a">
         <name>.text:strchr</name>
         <load_address>0x20011f7c</load_address>
         <run_address>0x20011f7c</run_address>
         <size>0x16</size>
         <input_file_ref idref="fl-100"/>
      </object_component>
      <object_component id="oc-15a">
         <name>.text:Board_init</name>
         <load_address>0x20011f92</load_address>
         <run_address>0x20011f92</run_address>
         <size>0x14</size>
         <input_file_ref idref="fl-3"/>
      </object_component>
      <object_component id="oc-a3">
         <name>.text:CPUcpsid</name>
         <load_address>0x20011fa6</load_address>
         <run_address>0x20011fa6</run_address>
         <size>0x14</size>
         <input_file_ref idref="fl-22"/>
      </object_component>
      <object_component id="oc-474">
         <name>.text:HwiP_inISR</name>
         <load_address>0x20011fbc</load_address>
         <run_address>0x20011fbc</run_address>
         <size>0x14</size>
         <input_file_ref idref="fl-1d"/>
      </object_component>
      <object_component id="oc-8c1">
         <name>.text:I2CSupport_masterFinish</name>
         <load_address>0x20011fd0</load_address>
         <run_address>0x20011fd0</run_address>
         <size>0x14</size>
         <input_file_ref idref="fl-13"/>
      </object_component>
      <object_component id="oc-37b">
         <name>.text:I2C_transfer</name>
         <load_address>0x20011fe4</load_address>
         <run_address>0x20011fe4</run_address>
         <size>0x14</size>
         <input_file_ref idref="fl-f"/>
      </object_component>
      <object_component id="oc-af">
         <name>.text:IntVTableBaseSet</name>
         <load_address>0x20011ff8</load_address>
         <run_address>0x20011ff8</run_address>
         <size>0x14</size>
         <input_file_ref idref="fl-24"/>
      </object_component>
      <object_component id="oc-47a">
         <name>.text:Power_disablePolicy</name>
         <load_address>0x2001200c</load_address>
         <run_address>0x2001200c</run_address>
         <size>0x14</size>
         <input_file_ref idref="fl-14"/>
      </object_component>
      <object_component id="oc-963">
         <name>.text:Power_getDependencyCount</name>
         <load_address>0x20012020</load_address>
         <run_address>0x20012020</run_address>
         <size>0x14</size>
         <input_file_ref idref="fl-14"/>
      </object_component>
      <object_component id="oc-a7d">
         <name>.text:releasePowerConstraint</name>
         <load_address>0x20012034</load_address>
         <run_address>0x20012034</run_address>
         <size>0x14</size>
         <input_file_ref idref="fl-17"/>
      </object_component>
      <object_component id="oc-543">
         <name>.text:strlen</name>
         <load_address>0x20012048</load_address>
         <run_address>0x20012048</run_address>
         <size>0x14</size>
         <input_file_ref idref="fl-101"/>
      </object_component>
      <object_component id="oc-334">
         <name>.text:HwiP_Params_init</name>
         <load_address>0x2001205c</load_address>
         <run_address>0x2001205c</run_address>
         <size>0x12</size>
         <input_file_ref idref="fl-1d"/>
      </object_component>
      <object_component id="oc-67b">
         <name>.text:I2CMasterIntClearEx</name>
         <load_address>0x2001206e</load_address>
         <run_address>0x2001206e</run_address>
         <size>0x12</size>
         <input_file_ref idref="fl-23"/>
      </object_component>
      <object_component id="oc-99b">
         <name>.text:RingBuf_construct</name>
         <load_address>0x20012080</load_address>
         <run_address>0x20012080</run_address>
         <size>0x12</size>
         <input_file_ref idref="fl-19"/>
      </object_component>
      <object_component id="oc-72a">
         <name>.text:TimerIntClear</name>
         <load_address>0x20012092</load_address>
         <run_address>0x20012092</run_address>
         <size>0x12</size>
         <input_file_ref idref="fl-27"/>
      </object_component>
      <object_component id="oc-11f">
         <name>.text:main</name>
         <load_address>0x200120a4</load_address>
         <run_address>0x200120a4</run_address>
         <size>0x12</size>
         <input_file_ref idref="fl-4"/>
      </object_component>
      <object_component id="oc-578">
[...]
      </symbol>
      <symbol id="sm-adc">
         <name>HwiP_disableInterrupt</name>
         <value>0x200121e5</value>
         <object_component_ref idref="oc-6ba"/>
      </symbol>
      <symbol id="sm-b0c">
         <name>PowerCC32XX_initPolicy</name>
         <value>0x2000eaab</value>
         <object_component_ref idref="oc-41c"/>
      </symbol>
      <symbol id="sm-b0d">
         <name>PowerCC32XX_sleepPolicy</name>
         <value>0x2000d8f9</value>
         <object_component_ref idref="oc-422"/>
      </symbol>
      <symbol id="sm-b5d">
         <name>resetISR</name>
         <value>0x20011db9</value>
         <object_component_ref idref="oc-21"/>
      </symbol>
      <symbol id="sm-b5e">
         <name>resetVectorAddr</name>
         <value>0x20011dcc</value>
         <object_component_ref idref="oc-21"/>
      </symbol>
      <symbol id="sm-b5f">
         <name>initVectors</name>
         <value>0x2001156d</value>
         <object_component_ref idref="oc-59"/>
      </symbol>
      <symbol id="sm-b60">
         <name>resetVectors</name>
         <value>0x20004000</value>
         <object_component_ref idref="oc-27"/>
      </symbol>
      <symbol id="sm-b90">
         <name>SwiP_disable</name>
         <value>0x20011d31</value>
         <object_component_ref idref="oc-5b9"/>
      </symbol>
      <symbol id="sm-b91">
         <name>SwiP_restore</name>
         <value>0x200110fd</value>
         <object_component_ref idref="oc-5f9"/>
      </symbol>
      <symbol id="sm-b9c">
         <name>CPUcpsid</name>
         <value>0x20011fa7</value>
         <object_component_ref idref="oc-a3"/>
      </symbol>
      <symbol id="sm-c09">
         <name>I2CRxFIFOFlush</name>
         <value>0x20011e1b</value>
         <object_component_ref idref="oc-8b3"/>
      </symbol>
      <symbol id="sm-c0a">
         <name>I2CTxFIFOFlush</name>
         <value>0x20011e33</value>
         <object_component_ref idref="oc-8ad"/>
      </symbol>
      <symbol id="sm-c0b">
         <name>I2CFIFODataPutNonBlocking</name>
         <value>0x200119f3</value>
         <object_component_ref idref="oc-699"/>
      </symbol>
      <symbol id="sm-c0c">
         <name>I2CMasterBusBusy</name>
         <value>0x20011dd3</value>
         <object_component_ref idref="oc-8b9"/>
      </symbol>
      <symbol id="sm-c0d">
         <name>I2CMasterIntDisableEx</name>
         <value>0x20011deb</value>
         <object_component_ref idref="oc-687"/>
      </symbol>
      <symbol id="sm-c0e">
         <name>I2CMasterBurstLengthSet</name>
         <value>0x20011f25</value>
         <object_component_ref idref="oc-894"/>
      </symbol>
      <symbol id="sm-c0f">
         <name>I2CMasterIntClearEx</name>
         <value>0x2001206f</value>
         <object_component_ref idref="oc-67b"/>
      </symbol>
      <symbol id="sm-c10">
         <name>I2CMasterSlaveAddrSet</name>
         <value>0x20011bbd</value>
         <object_component_ref idref="oc-888"/>
      </symbol>
      <symbol id="sm-c11">
         <name>I2CMasterIntEnableEx</name>
         <value>0x20011e03</value>
         <object_component_ref idref="oc-89a"/>
      </symbol>
      <symbol id="sm-c12">
         <name>I2CFIFOStatus</name>
         <value>0x20012139</value>
         <object_component_ref idref="oc-69f"/>
      </symbol>
      <symbol id="sm-c13">
         <name>I2CMasterIntStatusEx</name>
         <value>0x20011c81</value>
         <object_component_ref idref="oc-675"/>
      </symbol>
      <symbol id="sm-c14">
         <name>I2CFIFODataGetNonBlocking</name>
         <value>0x20011a95</value>
         <object_component_ref idref="oc-880"/>
      </symbol>
      <symbol id="sm-c59">
         <name>IntVTableBaseSet</name>
         <value>0x20011ff9</value>
         <object_component_ref idref="oc-af"/>
      </symbol>
      <symbol id="sm-c5a">
         <name>IntEnable</name>
         <value>0x2000f535</value>
         <object_component_ref idref="oc-b5"/>
      </symbol>
      <symbol id="sm-c5b">
         <name>IntMasterDisable</name>
         <value>0x20012295</value>
         <object_component_ref idref="oc-53"/>
      </symbol>
      <symbol id="sm-c5c">
         <name>IntPendSet</name>
         <value>0x2000fbe5</value>
         <object_component_ref idref="oc-979"/>
      </symbol>
      <symbol id="sm-c96">
         <name>PinModeGet</name>
         <value>0x20011759</value>
         <object_component_ref idref="oc-2cf"/>
      </symbol>
      <symbol id="sm-c97">
         <name>PinConfigSet</name>
         <value>0x2000fc6d</value>
         <object_component_ref idref="oc-328"/>
      </symbol>
      <symbol id="sm-c98">
         <name>PinModeSet</name>
         <value>0x2001124d</value>
         <object_component_ref idref="oc-2d5"/>
      </symbol>
      <symbol id="sm-c99">
         <name>PinToPadGet</name>
         <value>0x20011d15</value>
         <object_component_ref idref="oc-947"/>
      </symbol>
      <symbol id="sm-d62">
         <name>PRCMLPDSRestoreInfoSet</name>
         <value>0x20011031</value>
         <object_component_ref idref="oc-95b"/>
      </symbol>
      <symbol id="sm-d63">
         <name>PRCMPeripheralReset</name>
         <value>0x20010811</value>
         <object_component_ref idref="oc-2c3"/>
      </symbol>
      <symbol id="sm-d64">
         <name>PRCMLPDSEnter</name>
         <value>0x20010df9</value>
         <object_component_ref idref="oc-801"/>
      </symbol>
      <symbol id="sm-d65">
         <name>PRCMPeripheralClkEnable</name>
         <value>0x20010e41</value>
         <object_component_ref idref="oc-2bd"/>
      </symbol>
      <symbol id="sm-d66">
         <name>PRCMLPDSEnterKeepDebugIf</name>
         <value>0x200114fd</value>
         <object_component_ref idref="oc-807"/>
      </symbol>
      <symbol id="sm-d67">
         <name>PRCMCC3200MCUInit</name>
         <value>0x2000ca91</value>
         <object_component_ref idref="oc-1db"/>
      </symbol>
      <symbol id="sm-d68">
         <name>PRCMHIBRegWrite</name>
         <value>0x20011f51</value>
         <object_component_ref idref="oc-2b1"/>
      </symbol>
      <symbol id="sm-d69">
         <name>PRCMSysResetCauseGet</name>
         <value>0x200106f9</value>
         <object_component_ref idref="oc-2aa"/>
      </symbol>
      <symbol id="sm-d6a">
         <name>PRCMPeripheralClkDisable</name>
         <value>0x20011a1d</value>
         <object_component_ref idref="oc-2c9"/>
      </symbol>
      <symbol id="sm-d6b">
         <name>PRCMHIBRegRead</name>
         <value>0x20011f3b</value>
         <object_component_ref idref="oc-2b7"/>
      </symbol>
      <symbol id="sm-db3">
         <name>TimerLoadSet</name>
         <value>0x2001199f</value>
         <object_component_ref idref="oc-714"/>
      </symbol>
      <symbol id="sm-db4">
         <name>TimerDisable</name>
         <value>0x20011cbd</value>
         <object_component_ref idref="oc-708"/>
      </symbol>
      <symbol id="sm-db5">
         <name>TimerEnable</name>
         <value>0x20011cdb</value>
         <object_component_ref idref="oc-73f"/>
      </symbol>
      <symbol id="sm-db6">
         <name>TimerIntDisable</name>
         <value>0x20011e7d</value>
         <object_component_ref idref="oc-a0e"/>
      </symbol>
      <symbol id="sm-db7">
         <name>TimerPrescaleSet</name>
         <value>0x200119c9</value>
         <object_component_ref idref="oc-70e"/>
      </symbol>
      <symbol id="sm-db8">
         <name>TimerControlStall</name>
         <value>0x2001164d</value>
         <object_component_ref idref="oc-71a"/>
      </symbol>
      <symbol id="sm-db9">
         <name>TimerIntEnable</name>
         <value>0x20011e95</value>
         <object_component_ref idref="oc-733"/>
      </symbol>
      <symbol id="sm-dba">
         <name>TimerIntClear</name>
         <value>0x20012093</value>
         <object_component_ref idref="oc-72a"/>
      </symbol>
      <symbol id="sm-dce">
         <name>UARTBusy</name>
         <value>0x20011ead</value>
         <object_component_ref idref="oc-9f0"/>
      </symbol>
      <symbol id="sm-dcf">
         <name>UARTIntEnable</name>
         <value>0x20011ec5</value>
         <object_component_ref idref="oc-a83"/>
      </symbol>
      <symbol id="sm-dd4">
         <name>UtilsDelay</name>
         <value>0x200122dd</value>
         <object_component_ref idref="oc-2b0"/>
      </symbol>
      <symbol id="sm-de4">
         <name>FlashDisable</name>
         <value>0x20010d21</value>
         <object_component_ref idref="oc-971"/>
      </symbol>
      <symbol id="sm-e13">
         <name>snprintf</name>
         <value>0x20010cd5</value>
         <object_component_ref idref="oc-22b"/>
      </symbol>
      <symbol id="sm-e1d">
         <name>__aeabi_fmul</name>
         <value>0x200100ff</value>
         <object_component_ref idref="oc-3b1"/>
      </symbol>
      <symbol id="sm-e27">
         <name>__aeabi_f2iz</name>
         <value>0x200115dd</value>
         <object_component_ref idref="oc-3b6"/>
      </symbol>
      <symbol id="sm-e32">
         <name>__aeabi_i2f</name>
         <value>0x20011615</value>
         <object_component_ref idref="oc-3ac"/>
      </symbol>
      <symbol id="sm-e3b">
         <name>__aeabi_lmul</name>
         <value>0x20011f0d</value>
         <object_component_ref idref="oc-5e8"/>
      </symbol>
      <symbol id="sm-e56">
         <name>memcpy</name>
         <value>0x2000f905</value>
         <object_component_ref idref="oc-3b"/>
      </symbol>
      <symbol id="sm-e57">
         <name>__aeabi_memcpy</name>
         <value>0x2000f905</value>
         <object_component_ref idref="oc-3b"/>
      </symbol>
      <symbol id="sm-e58">
         <name>__aeabi_memcpy8</name>
         <value>0x2000f905</value>
         <object_component_ref idref="oc-3b"/>
      </symbol>
      <symbol id="sm-e59">
         <name>__aeabi_memcpy4</name>
         <value>0x2000f905</value>
         <object_component_ref idref="oc-3b"/>
      </symbol>
      <symbol id="sm-e66">
         <name>__aeabi_uldivmod</name>
         <value>0x2000f9a1</value>
         <object_component_ref idref="oc-5dd"/>
      </symbol>
      <symbol id="sm-e78">
         <name>__TI_zero_init</name>
         <value>0x2001225d</value>
         <object_component_ref idref="oc-4d"/>
      </symbol>
      <symbol id="sm-e8f">
         <name>__TI_decompress_none</name>
         <value>0x2001222b</value>
         <object_component_ref idref="oc-1a"/>
      </symbol>
      <symbol id="sm-eb2">
         <name>__TI_decompress_lzss</name>
         <value>0x2001049d</value>
         <object_component_ref idref="oc-14"/>
      </symbol>
      <symbol id="sm-f3b">
         <name>_sys_memory</name>
         <value>0x20004040</value>
         <object_component_ref idref="oc-2a"/>
      </symbol>
      <symbol id="sm-f3c">
         <name>free</name>
         <value>0x2000eb99</value>
         <object_component_ref idref="oc-43e"/>
      </symbol>
      <symbol id="sm-f3d">
         <name>memalign</name>
         <value>0x2000e6c1</value>
         <object_component_ref idref="oc-645"/>
      </symbol>
      <symbol id="sm-f3e">
         <name>malloc</name>
         <value>0x200122b9</value>
         <object_component_ref idref="oc-498"/>
      </symbol>
      <symbol id="sm-f3f">
         <name>aligned_alloc</name>
         <value>0x2000e6c1</value>
         <object_component_ref idref="oc-645"/>
      </symbol>
      <symbol id="sm-f51">
         <name>__stack</name>
         <value>0x20003000</value>
         <object_component_ref idref="oc-2d"/>
      </symbol>
      <symbol id="sm-f52">
         <name>_c_int00_noargs</name>
         <value>0x20011b99</value>
         <object_component_ref idref="oc-c5"/>
      </symbol>
      <symbol id="sm-10b7">
         <name>__TI_printfi</name>
         <value>0x2000c041</value>
         <object_component_ref idref="oc-3bc"/>
      </symbol>
      <symbol id="sm-10c1">
         <name>__aeabi_idiv0</name>
         <value>0x2001191b</value>
         <object_component_ref idref="oc-7d2"/>
      </symbol>
      <symbol id="sm-10c2">
         <name>__aeabi_ldiv0</name>
         <value>0x2001191b</value>
         <object_component_ref idref="oc-7d2"/>
      </symbol>
      <symbol id="sm-10d9">
         <name>__aeabi_dsub</name>
         <value>0x2000d741</value>
         <object_component_ref idref="oc-76e"/>
      </symbol>
      <symbol id="sm-10da">
         <name>__aeabi_dadd</name>
         <value>0x2000d74b</value>
         <object_component_ref idref="oc-76e"/>
      </symbol>
      <symbol id="sm-10fc">
         <name>__aeabi_cdcmpeq</name>
         <value>0x2000fcf5</value>
         <object_component_ref idref="oc-555"/>
      </symbol>
      <symbol id="sm-10fd">
         <name>__aeabi_cdcmple</name>
         <value>0x2000fcf5</value>
         <object_component_ref idref="oc-555"/>
      </symbol>
      <symbol id="sm-10fe">
         <name>__aeabi_cdrcmple</name>
         <value>0x2000fd7b</value>
         <object_component_ref idref="oc-759"/>
      </symbol>
      <symbol id="sm-1112">
         <name>__aeabi_ddiv</name>
         <value>0x2000e229</value>
         <object_component_ref idref="oc-754"/>
      </symbol>
      <symbol id="sm-111d">
         <name>__aeabi_dmul</name>
         <value>0x2000e8bd</value>
         <object_component_ref idref="oc-74f"/>
      </symbol>
      <symbol id="sm-1127">
         <name>__aeabi_d2iz</name>
         <value>0x20010f19</value>
         <object_component_ref idref="oc-75e"/>
      </symbol>
      <symbol id="sm-1131">
         <name>__aeabi_i2d</name>
         <value>0x200118ed</value>
         <object_component_ref idref="oc-769"/>
      </symbol>
      <symbol id="sm-1140">
         <name>__aeabi_memset</name>
         <value>0x2001017b</value>
         <object_component_ref idref="oc-9d"/>
      </symbol>
      <symbol id="sm-1141">
         <name>memset</name>
         <value>0x20010181</value>
         <object_component_ref idref="oc-9d"/>
      </symbol>
      <symbol id="sm-1142">
         <name>__aeabi_memset8</name>
         <value>0x2001017b</value>
         <object_component_ref idref="oc-9d"/>
      </symbol>
      <symbol id="sm-1143">
         <name>__aeabi_memset4</name>
         <value>0x2001017b</value>
         <object_component_ref idref="oc-9d"/>
      </symbol>
      <symbol id="sm-1144">
         <name>__aeabi_memclr8</name>
         <value>0x20010179</value>
         <object_component_ref idref="oc-9d"/>
      </symbol>
      <symbol id="sm-1145">
         <name>__aeabi_memclr4</name>
         <value>0x20010179</value>
         <object_component_ref idref="oc-9d"/>
      </symbol>
      <symbol id="sm-1146">
         <name>__aeabi_memclr</name>
         <value>0x20010179</value>
         <object_component_ref idref="oc-9d"/>
      </symbol>
      <symbol id="sm-116e">
         <name>__TI_auto_init_nobinit_nopinit</name>
         <value>0x200111c9</value>
         <object_component_ref idref="oc-179"/>
      </symbol>
      <symbol id="sm-1178">
         <name>_system_pre_init</name>
         <value>0x200122f3</value>
         <object_component_ref idref="oc-119"/>
      </symbol>
      <symbol id="sm-1184">
         <name>C$$EXIT</name>
         <value>0x200122f7</value>
         <object_component_ref idref="oc-16d"/>
      </symbol>
      <symbol id="sm-1185">
         <name>abort</name>
         <value>0x200122f7</value>
         <object_component_ref idref="oc-16d"/>
      </symbol>
      <symbol id="sm-119a">
         <name>_nop</name>
         <value>0x200102df</value>
         <object_component_ref idref="oc-3e9"/>
      </symbol>
      <symbol id="sm-119b">
         <name>_lock</name>
         <value>0x20012968</value>
         <object_component_ref idref="oc-24e"/>
      </symbol>
      <symbol id="sm-119c">
         <name>_unlock</name>
         <value>0x2001296c</value>
         <object_component_ref idref="oc-24e"/>
      </symbol>
      <symbol id="sm-11ab">
         <name>__TI_ltoa</name>
         <value>0x20010917</value>
         <object_component_ref idref="oc-763"/>
      </symbol>
      <symbol id="sm-11c2">
         <name>atoi</name>
         <value>0x20010c3d</value>
         <object_component_ref idref="oc-549"/>
      </symbol>
      <symbol id="sm-11cd">
         <name>_ctypes_</name>
         <value>0x2001299c</value>
         <object_component_ref idref="oc-748"/>
      </symbol>
      <symbol id="sm-11dd">
         <name>memccpy</name>
         <value>0x20011d69</value>
         <object_component_ref idref="oc-572"/>
      </symbol>
      <symbol id="sm-11ed">
         <name>strchr</name>
         <value>0x20011f7d</value>
         <object_component_ref idref="oc-79a"/>
      </symbol>
      <symbol id="sm-11fb">
         <name>strlen</name>
         <value>0x20012049</value>
         <object_component_ref idref="oc-543"/>
      </symbol>
      <symbol id="sm-1211">
         <name>__aeabi_errno_addr</name>
         <value>0x200122b1</value>
         <object_component_ref idref="oc-57e"/>
      </symbol>
      <symbol id="sm-1212">
         <name>errno</name>
         <value>0x20012998</value>
         <object_component_ref idref="oc-7aa"/>
      </symbol>
      <symbol id="sm-122b">
         <name>wcslen</name>
         <value>0x200120b7</value>
         <object_component_ref idref="oc-578"/>
      </symbol>
      <symbol id="sm-124b">
         <name>frexpl</name>
         <value>0x20010759</value>
         <object_component_ref idref="oc-78e"/>
      </symbol>
      <symbol id="sm-124c">
         <name>frexp</name>
         <value>0x20010759</value>
         <object_component_ref idref="oc-78e"/>
      </symbol>
      <symbol id="sm-126a">
         <name>scalbn</name>
         <value>0x2000ec7d</value>
         <object_component_ref idref="oc-794"/>
      </symbol>
      <symbol id="sm-126b">
         <name>scalbnl</name>
         <value>0x2000ec7d</value>
         <object_component_ref idref="oc-794"/>
      </symbol>
      <symbol id="sm-126c">
         <name>ldexpl</name>
         <value>0x2000ec7d</value>
         <object_component_ref idref="oc-794"/>
      </symbol>
      <symbol id="sm-126d">
         <name>ldexp</name>
         <value>0x2000ec7d</value>
         <object_component_ref idref="oc-794"/>
      </symbol>
      <symbol id="sm-1277">
         <name>copysign</name>
         <value>0x20012251</value>
         <object_component_ref idref="oc-911"/>
      </symbol>
      <symbol id="sm-1278">
         <name>copysignl</name>
         <value>0x20012251</value>
         <object_component_ref idref="oc-911"/>
      </symbol>
      <symbol id="sm-1279">
         <name>__TI_static_base__</name>
         <value>0x20013318</value>
      </symbol>
      <symbol id="sm-127c">
         <name>ITM_flush</name>
         <value>0x0</value>
      </symbol>
      <symbol id="sm-127d">
         <name>ITM_restore</name>
         <value>0x0</value>
      </symbol>
      <symbol id="sm-127e">
         <name>__mpu_init</name>
         <value>0x0</value>
      </symbol>
      <symbol id="sm-127f">
         <name>_system_post_cinit</name>
         <value>0x0</value>
      </symbol>
      <symbol id="sm-1280">
         <name>NoRTOS_start</name>
         <value>0x200121f3</value>
      </symbol>
   </symbol_table>
   <title>Link successful</title>
</link_info>
